Component: Arm Compiler for Embedded 6.21 Tool: armlink [5ec1fa00]

==============================================================================

Section Cross References

    main.o(.text.USART1_IRQHandler) refers to stm32f10x_usart.o(.text.USART_GetFlagStatus) for USART_GetFlagStatus
    main.o(.text.USART1_IRQHandler) refers to usart.o(.bss.USART1_RX_Index) for USART1_RX_Index
    main.o(.text.USART1_IRQHandler) refers to usart.o(.bss.USART1_RX) for USART1_RX
    main.o(.text.USART1_IRQHandler) refers to main.o(.bss.dem) for dem
    main.o(.ARM.exidx.text.USART1_IRQHandler) refers to main.o(.text.USART1_IRQHandler) for [Anonymous Symbol]
    main.o(.text.main) refers to delay.o(.text.SetSystem72Mhz) for SetSystem72Mhz
    main.o(.text.main) refers to delay.o(.text.ConfigureTimer3) for ConfigureTimer3
    main.o(.text.main) refers to usart.o(.text.USART1_Configuration) for USART1_Configuration
    main.o(.text.main) refers to usart.o(.text.Config_uart2) for Config_uart2
    main.o(.text.main) refers to main.o(.bss.dem) for dem
    main.o(.text.main) refers to main.o(.rodata.str1.1) for .L.str
    main.o(.text.main) refers to usart.o(.bss.USART1_RX) for USART1_RX
    main.o(.text.main) refers to sprintf.o(.text) for sprintf
    main.o(.text.main) refers to sscanf.o(.text) for sscanf
    main.o(.text.main) refers to usart.o(.text.usart2_sendByte) for usart2_sendByte
    main.o(.ARM.exidx.text.main) refers to main.o(.text.main) for [Anonymous Symbol]
    usart.o(.text.USART1_Configure_GPIO) refers to stm32f10x_rcc.o(.text.RCC_APB2PeriphClockCmd) for RCC_APB2PeriphClockCmd
    usart.o(.text.USART1_Configure_GPIO) refers to stm32f10x_gpio.o(.text.GPIO_Init) for GPIO_Init
    usart.o(.text.USART1_Configure_GPIO) refers to stm32f10x_gpio.o(.text.GPIO_PinRemapConfig) for GPIO_PinRemapConfig
    usart.o(.ARM.exidx.text.USART1_Configure_GPIO) refers to usart.o(.text.USART1_Configure_GPIO) for [Anonymous Symbol]
    usart.o(.text.USART1_Configure_USART1) refers to stm32f10x_rcc.o(.text.RCC_APB2PeriphClockCmd) for RCC_APB2PeriphClockCmd
    usart.o(.text.USART1_Configure_USART1) refers to stm32f10x_usart.o(.text.USART_Init) for USART_Init
    usart.o(.text.USART1_Configure_USART1) refers to stm32f10x_usart.o(.text.USART_ITConfig) for USART_ITConfig
    usart.o(.text.USART1_Configure_USART1) refers to stm32f10x_usart.o(.text.USART_Cmd) for USART_Cmd
    usart.o(.ARM.exidx.text.USART1_Configure_USART1) refers to usart.o(.text.USART1_Configure_USART1) for [Anonymous Symbol]
    usart.o(.text.USART1_Configure_NVIC) refers to misc.o(.text.NVIC_PriorityGroupConfig) for NVIC_PriorityGroupConfig
    usart.o(.text.USART1_Configure_NVIC) refers to misc.o(.text.NVIC_Init) for NVIC_Init
    usart.o(.ARM.exidx.text.USART1_Configure_NVIC) refers to usart.o(.text.USART1_Configure_NVIC) for [Anonymous Symbol]
    usart.o(.text.USART1_Configuration) refers to usart.o(.text.USART1_Configure_GPIO) for USART1_Configure_GPIO
    usart.o(.text.USART1_Configuration) refers to usart.o(.text.USART1_Configure_USART1) for USART1_Configure_USART1
    usart.o(.text.USART1_Configuration) refers to usart.o(.text.USART1_Configure_NVIC) for USART1_Configure_NVIC
    usart.o(.ARM.exidx.text.USART1_Configuration) refers to usart.o(.text.USART1_Configuration) for [Anonymous Symbol]
    usart.o(.text.USART_SendChar) refers to stm32f10x_usart.o(.text.USART_GetFlagStatus) for USART_GetFlagStatus
    usart.o(.text.USART_SendChar) refers to stm32f10x_usart.o(.text.USART_SendData) for USART_SendData
    usart.o(.ARM.exidx.text.USART_SendChar) refers to usart.o(.text.USART_SendChar) for [Anonymous Symbol]
    usart.o(.text.USART_SendString) refers to usart.o(.text.USART_SendChar) for USART_SendChar
    usart.o(.ARM.exidx.text.USART_SendString) refers to usart.o(.text.USART_SendString) for [Anonymous Symbol]
    usart.o(.ARM.exidx.text.usart2_sendByte) refers to usart.o(.text.usart2_sendByte) for [Anonymous Symbol]
    usart.o(.ARM.exidx.text.Config_uart2) refers to usart.o(.text.Config_uart2) for [Anonymous Symbol]
    delay.o(.ARM.exidx.text.SetSystem72Mhz) refers to delay.o(.text.SetSystem72Mhz) for [Anonymous Symbol]
    delay.o(.ARM.exidx.text.ConfigureTimer3) refers to delay.o(.text.ConfigureTimer3) for [Anonymous Symbol]
    delay.o(.ARM.exidx.text.delay) refers to delay.o(.text.delay) for [Anonymous Symbol]
    misc.o(.ARM.exidx.text.NVIC_PriorityGroupConfig) refers to misc.o(.text.NVIC_PriorityGroupConfig) for [Anonymous Symbol]
    misc.o(.ARM.exidx.text.NVIC_Init) refers to misc.o(.text.NVIC_Init) for [Anonymous Symbol]
    misc.o(.ARM.exidx.text.NVIC_SetVectorTable) refers to misc.o(.text.NVIC_SetVectorTable) for [Anonymous Symbol]
    misc.o(.ARM.exidx.text.NVIC_SystemLPConfig) refers to misc.o(.text.NVIC_SystemLPConfig) for [Anonymous Symbol]
    misc.o(.ARM.exidx.text.SysTick_CLKSourceConfig) refers to misc.o(.text.SysTick_CLKSourceConfig) for [Anonymous Symbol]
[...]
    .ARM.Collect$$libinit$$00000002          0x08000202   Section        0  libinit2.o(.ARM.Collect$$libinit$$00000002)
    .ARM.Collect$$libinit$$00000004          0x08000202   Section        0  libinit2.o(.ARM.Collect$$libinit$$00000004)
    .ARM.Collect$$libinit$$00000006          0x08000202   Section        0  libinit2.o(.ARM.Collect$$libinit$$00000006)
    .ARM.Collect$$libinit$$0000000C          0x08000202   Section        0  libinit2.o(.ARM.Collect$$libinit$$0000000C)
    .ARM.Collect$$libinit$$0000000E          0x08000202   Section        0  libinit2.o(.ARM.Collect$$libinit$$0000000E)
    .ARM.Collect$$libinit$$00000010          0x08000202   Section        0  libinit2.o(.ARM.Collect$$libinit$$00000010)
    .ARM.Collect$$libinit$$00000011          0x08000202   Section        6  libinit2.o(.ARM.Collect$$libinit$$00000011)
    .ARM.Collect$$libinit$$00000013          0x08000208   Section        0  libinit2.o(.ARM.Collect$$libinit$$00000013)
    .ARM.Collect$$libinit$$00000014          0x08000208   Section       12  libinit2.o(.ARM.Collect$$libinit$$00000014)
    .ARM.Collect$$libinit$$00000015          0x08000214   Section        0  libinit2.o(.ARM.Collect$$libinit$$00000015)
    .ARM.Collect$$libinit$$00000017          0x08000214   Section        0  libinit2.o(.ARM.Collect$$libinit$$00000017)
    .ARM.Collect$$libinit$$00000018          0x08000214   Section       10  libinit2.o(.ARM.Collect$$libinit$$00000018)
    .ARM.Collect$$libinit$$00000019          0x0800021e   Section        0  libinit2.o(.ARM.Collect$$libinit$$00000019)
    .ARM.Collect$$libinit$$0000001B          0x0800021e   Section        0  libinit2.o(.ARM.Collect$$libinit$$0000001B)
    .ARM.Collect$$libinit$$0000001D          0x0800021e   Section        0  libinit2.o(.ARM.Collect$$libinit$$0000001D)
    .ARM.Collect$$libinit$$0000001F          0x0800021e   Section        0  libinit2.o(.ARM.Collect$$libinit$$0000001F)
    .ARM.Collect$$libinit$$00000021          0x0800021e   Section        0  libinit2.o(.ARM.Collect$$libinit$$00000021)
    .ARM.Collect$$libinit$$00000023          0x0800021e   Section        0  libinit2.o(.ARM.Collect$$libinit$$00000023)
    .ARM.Collect$$libinit$$00000025          0x0800021e   Section        0  libinit2.o(.ARM.Collect$$libinit$$00000025)
    .ARM.Collect$$libinit$$00000027          0x0800021e   Section        0  libinit2.o(.ARM.Collect$$libinit$$00000027)
    .ARM.Collect$$libinit$$0000002E          0x0800021e   Section        0  libinit2.o(.ARM.Collect$$libinit$$0000002E)
    .ARM.Collect$$libinit$$00000030          0x0800021e   Section        0  libinit2.o(.ARM.Collect$$libinit$$00000030)
    .ARM.Collect$$libinit$$00000032          0x0800021e   Section        0  libinit2.o(.ARM.Collect$$libinit$$00000032)
    .ARM.Collect$$libinit$$00000034          0x0800021e   Section        0  libinit2.o(.ARM.Collect$$libinit$$00000034)
    .ARM.Collect$$libinit$$00000035          0x0800021e   Section        2  libinit2.o(.ARM.Collect$$libinit$$00000035)
    .ARM.Collect$$libshutdown$$00000000      0x08000220   Section        2  libshutdown.o(.ARM.Collect$$libshutdown$$00000000)
    .ARM.Collect$$libshutdown$$00000002      0x08000222   Section        0  libshutdown2.o(.ARM.Collect$$libshutdown$$00000002)
    .ARM.Collect$$libshutdown$$00000004      0x08000222   Section        0  libshutdown2.o(.ARM.Collect$$libshutdown$$00000004)
    .ARM.Collect$$libshutdown$$00000007      0x08000222   Section        0  libshutdown2.o(.ARM.Collect$$libshutdown$$00000007)
    .ARM.Collect$$libshutdown$$0000000A      0x08000222   Section        0  libshutdown2.o(.ARM.Collect$$libshutdown$$0000000A)
    .ARM.Collect$$libshutdown$$0000000C      0x08000222   Section        0  libshutdown2.o(.ARM.Collect$$libshutdown$$0000000C)
    .ARM.Collect$$libshutdown$$0000000F      0x08000222   Section        0  libshutdown2.o(.ARM.Collect$$libshutdown$$0000000F)
    .ARM.Collect$$libshutdown$$00000010      0x08000222   Section        2  libshutdown2.o(.ARM.Collect$$libshutdown$$00000010)
    .ARM.Collect$$rtentry$$00000000          0x08000224   Section        0  __rtentry.o(.ARM.Collect$$rtentry$$00000000)
    .ARM.Collect$$rtentry$$00000002          0x08000224   Section        0  __rtentry2.o(.ARM.Collect$$rtentry$$00000002)
    .ARM.Collect$$rtentry$$00000004          0x08000224   Section        6  __rtentry4.o(.ARM.Collect$$rtentry$$00000004)
    .ARM.Collect$$rtentry$$00000009          0x0800022a   Section        0  __rtentry2.o(.ARM.Collect$$rtentry$$00000009)
    .ARM.Collect$$rtentry$$0000000A          0x0800022a   Section        4  __rtentry2.o(.ARM.Collect$$rtentry$$0000000A)
    .ARM.Collect$$rtentry$$0000000C          0x0800022e   Section        0  __rtentry2.o(.ARM.Collect$$rtentry$$0000000C)
    .ARM.Collect$$rtentry$$0000000D          0x0800022e   Section        8  __rtentry2.o(.ARM.Collect$$rtentry$$0000000D)
    .ARM.Collect$$rtexit$$00000000           0x08000236   Section        2  rtexit.o(.ARM.Collect$$rtexit$$00000000)
    .ARM.Collect$$rtexit$$00000002           0x08000238   Section        0  rtexit2.o(.ARM.Collect$$rtexit$$00000002)
    .ARM.Collect$$rtexit$$00000003           0x08000238   Section        4  rtexit2.o(.ARM.Collect$$rtexit$$00000003)
    .ARM.Collect$$rtexit$$00000004           0x0800023c   Section        6  rtexit2.o(.ARM.Collect$$rtexit$$00000004)
    .text                                    0x08000244   Section       64  startup_stm32f10x_md.o(.text)
    .text                                    0x08000284   Section        0  sprintf.o(.text)
    .text                                    0x080002b0   Section        0  sscanf.o(.text)
    .text                                    0x080002ec   Section        0  heapauxi.o(.text)
    .text                                    0x080002f2   Section        0  _printf_pad.o(.text)
    .text                                    0x08000340   Section        0  _printf_truncate.o(.text)
    .text                                    0x08000364   Section        0  _printf_str.o(.text)
    .text                                    0x080003b8   Section        0  _printf_dec.o(.text)
    .text                                    0x08000430   Section        0  _printf_charcount.o(.text)
    _printf_input_char                       0x08000459   Thumb Code    10  _printf_char_common.o(.text)
    .text                                    0x08000458   Section        0  _printf_char_common.o(.text)
    .text                                    0x08000488   Section        0  _sputc.o(.text)
    .text                                    0x08000494   Section        0  _printf_wctomb.o(.text)
    .text                                    0x08000550   Section        0  _printf_longlong_dec.o(.text)
    _printf_longlong_oct_internal            0x080005cd   Thumb Code     0  _printf_oct_int_ll.o(.text)
    .text                                    0x080005cc   Section        0  _printf_oct_int_ll.o(.text)
    _printf_hex_common                       0x0800063d   Thumb Code     0  _printf_hex_int_ll_ptr.o(.text)
    .text                                    0x0800063c   Section        0  _printf_hex_int_ll_ptr.o(.text)
    .text                                    0x080006d0   Section        0  __printf_flags_ss_wp.o(.text)
    .text                                    0x08000858   Section        0  _scanf_longlong.o(.text)
    .text                                    0x080009ae   Section        0  _scanf_int.o(.text)
    .text                                    0x08000afa   Section        0  _scanf_str.o(.text)
    _scanf_char_input                        0x08000bdd   Thumb Code    12  scanf_char.o(.text)
    .text                                    0x08000bdc   Section        0  scanf_char.o(.text)
    .text                                    0x08000c08   Section        0  _sgetc.o(.text)
    .text                                    0x08000c48   Section        0  _scanf_mbtowc.o(.text)
    .text                                    0x08000d5c   Section        0  _scanf_wctomb.o(.text)
    .text                                    0x08000e44   Section        0  _scanf_wstr.o(.text)
    .text                                    0x08000f14   Section      138  lludiv10.o(.text)
    .text                                    0x08000f9e   Section        0  isspace.o(.text)
    .text                                    0x08000fb0   Section        0  _printf_intcommon.o(.text)
    _fp_digits                               0x08001063   Thumb Code   432  _printf_fp_dec.o(.text)
    .text                                    0x08001062   Section        0  _printf_fp_dec.o(.text)
    .text                                    0x08001480   Section        0  _printf_fp_hex.o(.text)
    .text                                    0x0800177c   Section        0  _printf_char.o(.text)
    .text                                    0x080017a8   Section        0  _printf_wchar.o(.text)
    .text                                    0x080017d4   Section        0  _chval.o(.text)
    .text                                    0x080017f0   Section        0  _scanf.o(.text)
    _fp_value                                0x08001b65   Thumb Code   588  scanf_fp.o(.text)
    .text                                    0x08001b64   Section        0  scanf_fp.o(.text)
    .text                                    0x0800205c   Section        0  _scanf_wcharmap.o(.text)
    .text                                    0x0800207a   Section        0  _mbrtoc16.o(.text)
    .text                                    0x080020ba   Section        0  _c16rtomb.o(.text)
    .text                                    0x08002102   Section       74  sys_stackheap_outer.o(.text)
    .text                                    0x0800214c   Section       16  rt_ctype_table.o(.text)
    .text                                    0x0800215c   Section        8  rt_locale_intlibspace.o(.text)
    .text                                    0x08002164   Section        8  rt_errno_addr_intlibspace.o(.text)
    .text                                    0x0800216c   Section       38  llshl.o(.text)
    .text                                    0x08002194   Section        0  _printf_fp_infnan.o(.text)
    .text                                    0x08002214   Section        0  bigflt0.o(.text)
    .text                                    0x080022f8   Section        0  exit.o(.text)
    .text                                    0x0800230c   Section        8  libspace.o(.text)
    .text                                    0x08002314   Section        0  _rserrno.o(.text)
    .text                                    0x0800232c   Section        0  scanf_hexfp.o(.text)
    .text                                    0x0800264c   Section        0  scanf_infnan.o(.text)
    .text                                    0x08002780   Section      128  strcmpv7m.o(.text)
    .text                                    0x08002800   Section        0  sys_exit.o(.text)
    .text                                    0x0800280c   Section        2  use_no_semi.o(.text)
    .text                                    0x0800280e   Section        0  indicate_semi.o(.text)
    [Anonymous Symbol]                       0x08002810   Section        0  usart.o(.text.Config_uart2)
    [Anonymous Symbol]                       0x08002870   Section        0  delay.o(.text.ConfigureTimer3)
    [Anonymous Symbol]                       0x080028a8   Section        0  stm32f10x_gpio.o(.text.GPIO_Init)
    [Anonymous Symbol]                       0x08002a30   Section        0  stm32f10x_gpio.o(.text.GPIO_PinRemapConfig)
    [Anonymous Symbol]                       0x08002b2c   Section        0  misc.o(.text.NVIC_Init)
    [Anonymous Symbol]                       0x08002bd4   Section        0  misc.o(.text.NVIC_PriorityGroupConfig)
    [Anonymous Symbol]                       0x08002bf0   Section        0  stm32f10x_rcc.o(.text.RCC_APB2PeriphClockCmd)
    [Anonymous Symbol]                       0x08002c28   Section        0  stm32f10x_rcc.o(.text.RCC_GetClocksFreq)
    SetSysClock                              0x08002d9d   Thumb Code     8  system_stm32f10x.o(.text.SetSysClock)
    [Anonymous Symbol]                       0x08002d9c   Section        0  system_stm32f10x.o(.text.SetSysClock)
    SetSysClockTo72                          0x08002da5   Thumb Code   290  system_stm32f10x.o(.text.SetSysClockTo72)
    [Anonymous Symbol]                       0x08002da4   Section        0  system_stm32f10x.o(.text.SetSysClockTo72)
    [Anonymous Symbol]                       0x08002ec8   Section        0  delay.o(.text.SetSystem72Mhz)
    [Anonymous Symbol]                       0x08002fa8   Section        0  system_stm32f10x.o(.text.SystemInit)
    [Anonymous Symbol]                       0x08003010   Section        0  usart.o(.text.USART1_Configuration)
    [Anonymous Symbol]                       0x08003020   Section        0  usart.o(.text.USART1_Configure_GPIO)
    [Anonymous Symbol]                       0x08003074   Section        0  usart.o(.text.USART1_Configure_NVIC)
    [Anonymous Symbol]                       0x080030a4   Section        0  usart.o(.text.USART1_Configure_USART1)
    [Anonymous Symbol]                       0x080030fc   Section        0  main.o(.text.USART1_IRQHandler)
    [Anonymous Symbol]                       0x08003178   Section        0  stm32f10x_usart.o(.text.USART_Cmd)
    [Anonymous Symbol]                       0x080031a4   Section        0  stm32f10x_usart.o(.text.USART_GetFlagStatus)
    [Anonymous Symbol]                       0x080031e8   Section        0  stm32f10x_usart.o(.text.USART_ITConfig)
    [Anonymous Symbol]                       0x0800327c   Section        0  stm32f10x_usart.o(.text.USART_Init)
    [Anonymous Symbol]                       0x080033d8   Section        0  main.o(.text.main)
    [Anonymous Symbol]                       0x08003488   Section        0  usart.o(.text.usart2_sendByte)
    CL$$btod_d2e                             0x080034c6   Section       62  btod.o(CL$$btod_d2e)
    CL$$btod_d2e_denorm_low                  0x08003504   Section       70  btod.o(CL$$btod_d2e_denorm_low)
    CL$$btod_d2e_norm_op1                    0x0800354a   Section       96  btod.o(CL$$btod_d2e_norm_op1)
    CL$$btod_div_common                      0x080035ac   Section      824  btod.o(CL$$btod_div_common)
    CL$$btod_e2d                             0x080038e4   Section      132  btod.o(CL$$btod_e2d)
    CL$$btod_e2e                             0x08003968   Section      220  btod.o(CL$$btod_e2e)
    CL$$btod_ediv                            0x08003a44   Section       42  btod.o(CL$$btod_ediv)
    CL$$btod_edivd                           0x08003a6e   Section       42  btod.o(CL$$btod_edivd)
    CL$$btod_emul                            0x08003a98   Section       42  btod.o(CL$$btod_emul)
    CL$$btod_emuld                           0x08003ac2   Section       42  btod.o(CL$$btod_emuld)
    CL$$btod_mult_common                     0x08003aec   Section      580  btod.o(CL$$btod_mult_common)
    i.__ARM_fpclassify                       0x08003d30   Section        0  fpclassify.o(i.__ARM_fpclassify)
    i.__mathlib_dbl_overflow                 0x08003d58   Section        0  dunder.o(i.__mathlib_dbl_overflow)
    i.__mathlib_dbl_underflow                0x08003d68   Section        0  dunder.o(i.__mathlib_dbl_underflow)
    i.__mathlib_narrow                       0x08003d78   Section        0  narrow.o(i.__mathlib_narrow)
    i.__mathlib_tofloat                      0x08003d88   Section        0  narrow.o(i.__mathlib_tofloat)
    i.__support_ldexp                        0x08003e44   Section        0  ldexp.o(i.__support_ldexp)
    i._is_digit                              0x08003e5a   Section        0  __printf_wp.o(i._is_digit)
    i.frexp                                  0x08003e68   Section        0  frexp.o(i.frexp)
    i.ldexp                                  0x08003ec0   Section        0  ldexp.o(i.ldexp)
    locale$$code                             0x08003f34   Section       44  lc_numeric_c.o(locale$$code)
    locale$$code                             0x08003f60   Section       44  lc_ctype_c.o(locale$$code)
    x$fpl$d2f                                0x08003f8c   Section       98  d2f.o(x$fpl$d2f)
    x$fpl$dcheck1                            0x08003ff0   Section       16  dcheck1.o(x$fpl$dcheck1)
    x$fpl$dcmpinf                            0x08004000   Section       24  dcmpi.o(x$fpl$dcmpinf)
    x$fpl$deqf                               0x08004018   Section      120  deqf.o(x$fpl$deqf)
    x$fpl$dleqf                              0x08004090   Section      120  dleqf.o(x$fpl$dleqf)
    x$fpl$dnaninf                            0x08004108   Section      156  dnaninf.o(x$fpl$dnaninf)
    x$fpl$drleqf                             0x080041a4   Section      108  drleqf.o(x$fpl$drleqf)
    x$fpl$fretinf                            0x08004210   Section       10  fretinf.o(x$fpl$fretinf)
    x$fpl$ieeestatus                         0x0800421a   Section        6  istatus.o(x$fpl$ieeestatus)
    x$fpl$printf1                            0x08004220   Section        4  printf1.o(x$fpl$printf1)
    x$fpl$printf2                            0x08004224   Section        4  printf2.o(x$fpl$printf2)
    x$fpl$retnan                             0x08004228   Section      100  retnan.o(x$fpl$retnan)
    x$fpl$scalbn                             0x0800428c   Section       92  scalbn.o(x$fpl$scalbn)
    x$fpl$scanf1                             0x080042e8   Section        4  scanf1.o(x$fpl$scanf1)
    x$fpl$scanf2                             0x080042ec   Section        8  scanf2.o(x$fpl$scanf2)
    x$fpl$trapveneer                         0x080042f4   Section       48  trapv.o(x$fpl$trapveneer)
    initial_mbstate                          0x08004324   Data           8  _printf_wctomb.o(.constdata)
    .constdata                               0x08004324   Section        8  _printf_wctomb.o(.constdata)
    x$fpl$usenofp                            0x08004324   Section        0  usenofp.o(x$fpl$usenofp)
    uc_hextab                                0x0800432c   Data          20  _printf_hex_int_ll_ptr.o(.constdata)
    .constdata                               0x0800432c   Section       40  _printf_hex_int_ll_ptr.o(.constdata)
    lc_hextab                                0x08004340   Data          20  _printf_hex_int_ll_ptr.o(.constdata)
    maptable                                 0x08004354   Data          17  __printf_flags_ss_wp.o(.constdata)
    .constdata                               0x08004354   Section       17  __printf_flags_ss_wp.o(.constdata)
    lc_hextab                                0x08004365   Data          19  _printf_fp_hex.o(.constdata)
    .constdata                               0x08004365   Section       38  _printf_fp_hex.o(.constdata)
    uc_hextab                                0x08004378   Data          19  _printf_fp_hex.o(.constdata)
    tenpwrs_x                                0x0800438c   Data          60  bigflt0.o(.constdata)
    .constdata                               0x0800438c   Section      148  bigflt0.o(.constdata)
    tenpwrs_i                                0x080043c8   Data          64  bigflt0.o(.constdata)
    ADCPrescTable                            0x08004420   Data           4  stm32f10x_rcc.o(.rodata.ADCPrescTable)
    [Anonymous Symbol]                       0x08004420   Section        0  stm32f10x_rcc.o(.rodata.ADCPrescTable)
    APBAHBPrescTable                         0x08004424   Data          16  stm32f10x_rcc.o(.rodata.APBAHBPrescTable)
    [Anonymous Symbol]                       0x08004424   Section        0  stm32f10x_rcc.o(.rodata.APBAHBPrescTable)
    .L.str.1                                 0x08004434   Data          12  main.o(.rodata.str1.1)
    [Anonymous Symbol]                       0x08004434   Section        0  main.o(.rodata.str1.1)
    .L.str.2                                 0x08004440   Data          36  main.o(.rodata.str1.1)
    .L.str                                   0x08004464   Data           3  main.o(.rodata.str1.1)
    c$$dinf                                  0x08004478   Section        8  fpconst.o(c$$dinf)
    c$$dmax                                  0x08004480   Section        8  fpconst.o(c$$dmax)
    locale$$data                             0x08004488   Section       28  lc_numeric_c.o(locale$$data)
    __lcnum_c_name                           0x0800448c   Data           2  lc_numeric_c.o(locale$$data)
    __lcnum_c_start                          0x08004494   Data           0  lc_numeric_c.o(locale$$data)
    __lcnum_c_point                          0x080044a0   Data           0  lc_numeric_c.o(locale$$data)
    __lcnum_c_thousands                      0x080044a2   Data           0  lc_numeric_c.o(locale$$data)
    __lcnum_c_grouping                       0x080044a3   Data           0  lc_numeric_c.o(locale$$data)
    __lcnum_c_end                            0x080044a4   Data           0  lc_numeric_c.o(locale$$data)
    locale$$data                             0x080044a4   Section      272  lc_ctype_c.o(locale$$data)
    __lcctype_c_name                         0x080044a8   Data           2  lc_ctype_c.o(locale$$data)
    __lcctype_c_start                        0x080044b0   Data           0  lc_ctype_c.o(locale$$data)
    __lcctype_c_end                          0x080045b4   Data           0  lc_ctype_c.o(locale$$data)
    .bss                                     0x20000000   Section       96  libspace.o(.bss)
    Heap_Mem                                 0x20000088   Data         512  startup_stm32f10x_md.o(HEAP)
    HEAP                                     0x20000088   Section      512  startup_stm32f10x_md.o(HEAP)
    Stack_Mem                                0x20000288   Data        1024  startup_stm32f10x_md.o(STACK)
    STACK                                    0x20000288   Section     1024  startup_stm32f10x_md.o(STACK)
    __initial_sp                             0x20000688   Data           0  startup_stm32f10x_md.o(STACK)

    Global Symbols

    Symbol Name                              Value     Ov Type        Size  Object(Section)

    BuildAttributes$$THM_ISAv4$P$D$K$B$S$PE$A:L22UL41UL21$X:L11$S22US41US21$IEEE1$IW$~IW$USESV6$~STKCKD$USESV7$~SHL$OTIME$ROPI$IEEEX$EBA8$UX$STANDARDLIB$REQ8$PRES8$EABIv2 0x00000000   Number         0  anon$$obj.o ABSOLUTE
    __fp_init_empty                          0x00000000   Number         0  fpinit_empty.o ABSOLUTE
    _printf_flags                            0x00000000   Number         0  printf_stubs.o ABSOLUTE
    _printf_return_value                     0x00000000   Number         0  printf_stubs.o ABSOLUTE
    _printf_sizespec                         0x00000000   Number         0  printf_stubs.o ABSOLUTE
    _printf_widthprec                        0x00000000   Number         0  printf_stubs.o ABSOLUTE
    __ARM_exceptions_init                     - Undefined Weak Reference
    __alloca_initialize                       - Undefined Weak Reference
    __arm_preinit_                            - Undefined Weak Reference
    __arm_relocate_pie_                       - Undefined Weak Reference
    __cpp_initialize__aeabi_                  - Undefined Weak Reference
    __cxa_finalize                            - Undefined Weak Reference
    __sigvec_lookup                           - Undefined Weak Reference
    _atexit_init                              - Undefined Weak Reference
    _call_atexit_fns                          - Undefined Weak Reference
    _clock_init                               - Undefined Weak Reference
    _fp_trap_init                             - Undefined Weak Reference
    _fp_trap_shutdown                         - Undefined Weak Reference
    _get_lc_collate                           - Undefined Weak Reference
    _get_lc_monetary                          - Undefined Weak Reference
    _get_lc_time                              - Undefined Weak Reference
    _getenv_init                              - Undefined Weak Reference
    _handle_redirection                       - Undefined Weak Reference
    _init_alloc                               - Undefined Weak Reference
    _init_user_alloc                          - Undefined Weak Reference
    _initio                                   - Undefined Weak Reference
    _printf_mbtowc                            - Undefined Weak Reference
    _printf_wc                                - Undefined Weak Reference
    _rand_init                                - Undefined Weak Reference
    _signal_finish                            - Undefined Weak Reference
    _signal_init                              - Undefined Weak Reference
    _terminate_alloc                          - Undefined Weak Reference
    _terminate_user_alloc                     - Undefined Weak Reference
    _terminateio                              - Undefined Weak Reference
    __Vectors_Size                           0x000000ec   Number         0  startup_stm32f10x_md.o ABSOLUTE
    __Vectors                                0x08000000   Data           4  startup_stm32f10x_md.o(RESET)
    __Vectors_End                            0x080000ec   Data           0  startup_stm32f10x_md.o(RESET)
    __main                                   0x080000ed   Thumb Code     8  __main.o(!!!main)
    __scatterload                            0x080000f5   Thumb Code     0  __scatter.o(!!!scatter)
    __scatterload_rt2                        0x080000f5   Thumb Code    84  __scatter.o(!!!scatter)
    __scatterload_rt2_thumb_only             0x080000f5   Thumb Code     0  __scatter.o(!!!scatter)
    __scatterload_loop                       0x080000ff   Thumb Code     0  __scatter.o(!!!scatter)
    __scatterload_null                       0x08000151   Thumb Code     2  __scatter.o(!!handler_null)
    __scatterload_zeroinit                   0x08000155   Thumb Code    28  __scatter_zi.o(!!handler_zi)
    _printf_n                                0x08000171   Thumb Code     0  _printf_n.o(.ARM.Collect$$_printf_percent$$00000001)
    _printf_percent                          0x08000171   Thumb Code     0  _printf_percent.o(.ARM.Collect$$_printf_percent$$00000000)
    _printf_p                                0x08000177   Thumb Code     0  _printf_p.o(.ARM.Collect$$_printf_percent$$00000002)
    _printf_f                                0x0800017d   Thumb Code     0  _printf_f.o(.ARM.Collect$$_printf_percent$$00000003)
    _printf_e                                0x08000183   Thumb Code     0  _printf_e.o(.ARM.Collect$$_printf_percent$$00000004)
    _printf_g                                0x08000189   Thumb Code     0  _printf_g.o(.ARM.Collect$$_printf_percent$$00000005)
    _printf_a                                0x0800018f   Thumb Code     0  _printf_a.o(.ARM.Collect$$_printf_percent$$00000006)
    _printf_ll                               0x08000195   Thumb Code     0  _printf_ll.o(.ARM.Collect$$_printf_percent$$00000007)
    _printf_i                                0x0800019f   Thumb Code     0  _printf_i.o(.ARM.Collect$$_printf_percent$$00000008)
    _printf_d                                0x080001a5   Thumb Code     0  _printf_d.o(.ARM.Collect$$_printf_percent$$00000009)
    _printf_u                                0x080001ab   Thumb Code     0  _printf_u.o(.ARM.Collect$$_printf_percent$$0000000A)
    _printf_o                                0x080001b1   Thumb Code     0  _printf_o.o(.ARM.Collect$$_printf_percent$$0000000B)
    _printf_x                                0x080001b7   Thumb Code     0  _printf_x.o(.ARM.Collect$$_printf_percent$$0000000C)
    _printf_lli                              0x080001bd   Thumb Code     0  _printf_lli.o(.ARM.Collect$$_printf_percent$$0000000D)
    _printf_lld                              0x080001c3   Thumb Code     0  _printf_lld.o(.ARM.Collect$$_printf_percent$$0000000E)
    _printf_llu                              0x080001c9   Thumb Code     0  _printf_llu.o(.ARM.Collect$$_printf_percent$$0000000F)
    _printf_llo                              0x080001cf   Thumb Code     0  _printf_llo.o(.ARM.Collect$$_printf_percent$$00000010)
    _printf_llx                              0x080001d5   Thumb Code     0  _printf_llx.o(.ARM.Collect$$_printf_percent$$00000011)
    _printf_l                                0x080001db   Thumb Code     0  _printf_l.o(.ARM.Collect$$_printf_percent$$00000012)
    _printf_c                                0x080001e5   Thumb Code     0  _printf_c.o(.ARM.Collect$$_printf_percent$$00000013)
    _printf_s                                0x080001eb   Thumb Code     0  _printf_s.o(.ARM.Collect$$_printf_percent$$00000014)
    _printf_lc                               0x080001f1   Thumb Code     0  _printf_lc.o(.ARM.Collect$$_printf_percent$$00000015)
    _printf_ls                               0x080001f7   Thumb Code     0  _printf_ls.o(.ARM.Collect$$_printf_percent$$00000016)
    _printf_percent_end                      0x080001fd   Thumb Code     0  _printf_percent_end.o(.ARM.Collect$$_printf_percent$$00000017)
    __rt_lib_init                            0x08000201   Thumb Code     0  libinit.o(.ARM.Collect$$libinit$$00000000)
    __rt_lib_init_fp_1                       0x08000203   Thumb Code     0  libinit2.o(.ARM.Collect$$libinit$$00000002)
    __rt_lib_init_heap_1                     0x08000203   Thumb Code     0  libinit2.o(.ARM.Collect$$libinit$$0000000C)
    __rt_lib_init_lc_common                  0x08000203   Thumb Code     0  libinit2.o(.ARM.Collect$$libinit$$00000011)
    __rt_lib_init_preinit_1                  0x08000203   Thumb Code     0  libinit2.o(.ARM.Collect$$libinit$$00000006)
    __rt_lib_init_rand_1                     0x08000203   Thumb Code     0  libinit2.o(.ARM.Collect$$libinit$$00000010)
    __rt_lib_init_relocate_pie_1             0x08000203   Thumb Code     0  libinit2.o(.ARM.Collect$$libinit$$00000004)
    __rt_lib_init_user_alloc_1               0x08000203   Thumb Code     0  libinit2.o(.ARM.Collect$$libinit$$0000000E)
    __rt_lib_init_lc_collate_1               0x08000209   Thumb Code     0  libinit2.o(.ARM.Collect$$libinit$$00000013)
    __rt_lib_init_lc_ctype_2                 0x08000209   Thumb Code     0  libinit2.o(.ARM.Collect$$libinit$$00000014)
    __rt_lib_init_lc_ctype_1                 0x08000215   Thumb Code     0  libinit2.o(.ARM.Collect$$libinit$$00000015)
    __rt_lib_init_lc_monetary_1              0x08000215   Thumb Code     0  libinit2.o(.ARM.Collect$$libinit$$00000017)
    __rt_lib_init_lc_numeric_2               0x08000215   Thumb Code     0  libinit2.o(.ARM.Collect$$libinit$$00000018)
    __rt_lib_init_alloca_1                   0x0800021f   Thumb Code     0  libinit2.o(.ARM.Collect$$libinit$$00000030)
    __rt_lib_init_argv_1                     0x0800021f   Thumb Code     0  libinit2.o(.ARM.Collect$$libinit$$0000002E)
    __rt_lib_init_atexit_1                   0x0800021f   Thumb Code     0  libinit2.o(.ARM.Collect$$libinit$$0000001D)
    __rt_lib_init_clock_1                    0x0800021f   Thumb Code     0  libinit2.o(.ARM.Collect$$libinit$$00000023)
    __rt_lib_init_cpp_1                      0x0800021f   Thumb Code     0  libinit2.o(.ARM.Collect$$libinit$$00000034)
    __rt_lib_init_exceptions_1               0x0800021f   Thumb Code     0  libinit2.o(.ARM.Collect$$libinit$$00000032)
    __rt_lib_init_fp_trap_1                  0x0800021f   Thumb Code     0  libinit2.o(.ARM.Collect$$libinit$$00000021)
    __rt_lib_init_getenv_1                   0x0800021f   Thumb Code     0  libinit2.o(.ARM.Collect$$libinit$$00000025)
    __rt_lib_init_lc_numeric_1               0x0800021f   Thumb Code     0  libinit2.o(.ARM.Collect$$libinit$$00000019)
    __rt_lib_init_lc_time_1                  0x0800021f   Thumb Code     0  libinit2.o(.ARM.Collect$$libinit$$0000001B)
    __rt_lib_init_return                     0x0800021f   Thumb Code     0  libinit2.o(.ARM.Collect$$libinit$$00000035)
    __rt_lib_init_signal_1                   0x0800021f   Thumb Code     0  libinit2.o(.ARM.Collect$$libinit$$0000001F)
    __rt_lib_init_stdio_1                    0x0800021f   Thumb Code     0  libinit2.o(.ARM.Collect$$libinit$$00000027)
    __rt_lib_shutdown                        0x08000221   Thumb Code     0  libshutdown.o(.ARM.Collect$$libshutdown$$00000000)
    __rt_lib_shutdown_cpp_1                  0x08000223   Thumb Code     0  libshutdown2.o(.ARM.Collect$$libshutdown$$00000002)
    __rt_lib_shutdown_fp_trap_1              0x08000223   Thumb Code     0  libshutdown2.o(.ARM.Collect$$libshutdown$$00000007)
    __rt_lib_shutdown_heap_1                 0x08000223   Thumb Code     0  libshutdown2.o(.ARM.Collect$$libshutdown$$0000000F)
    __rt_lib_shutdown_return                 0x08000223   Thumb Code     0  libshutdown2.o(.ARM.Collect$$libshutdown$$00000010)
    __rt_lib_shutdown_signal_1               0x08000223   Thumb Code     0  libshutdown2.o(.ARM.Collect$$libshutdown$$0000000A)
    __rt_lib_shutdown_stdio_1                0x08000223   Thumb Code     0  libshutdown2.o(.ARM.Collect$$libshutdown$$00000004)
    __rt_lib_shutdown_user_alloc_1           0x08000223   Thumb Code     0  libshutdown2.o(.ARM.Collect$$libshutdown$$0000000C)
    __rt_entry                               0x08000225   Thumb Code     0  __rtentry.o(.ARM.Collect$$rtentry$$00000000)
    __rt_entry_presh_1                       0x08000225   Thumb Code     0  __rtentry2.o(.ARM.Collect$$rtentry$$00000002)
    __rt_entry_sh                            0x08000225   Thumb Code     0  __rtentry4.o(.ARM.Collect$$rtentry$$00000004)
    __rt_entry_li                            0x0800022b   Thumb Code     0  __rtentry2.o(.ARM.Collect$$rtentry$$0000000A)
    __rt_entry_postsh_1                      0x0800022b   Thumb Code     0  __rtentry2.o(.ARM.Collect$$rtentry$$00000009)
    __rt_entry_main                          0x0800022f   Thumb Code     0  __rtentry2.o(.ARM.Collect$$rtentry$$0000000D)
    __rt_entry_postli_1                      0x0800022f   Thumb Code     0  __rtentry2.o(.ARM.Collect$$rtentry$$0000000C)
    __rt_exit                                0x08000237   Thumb Code     0  rtexit.o(.ARM.Collect$$rtexit$$00000000)
    __rt_exit_ls                             0x08000239   Thumb Code     0  rtexit2.o(.ARM.Collect$$rtexit$$00000003)
    __rt_exit_prels_1                        0x08000239   Thumb Code     0  rtexit2.o(.ARM.Collect$$rtexit$$00000002)
    __rt_exit_exit                           0x0800023d   Thumb Code     0  rtexit2.o(.ARM.Collect$$rtexit$$00000004)
    Reset_Handler                            0x08000245   Thumb Code     8  startup_stm32f10x_md.o(.text)
    NMI_Handler                              0x0800024d   Thumb Code     2  startup_stm32f10x_md.o(.text)
    HardFault_Handler                        0x0800024f   Thumb Code     2  startup_stm32f10x_md.o(.text)
    MemManage_Handler                        0x08000251   Thumb Code     2  startup_stm32f10x_md.o(.text)
    BusFault_Handler                         0x08000253   Thumb Code     2  startup_stm32f10x_md.o(.text)
    UsageFault_Handler                       0x08000255   Thumb Code     2  startup_stm32f10x_md.o(.text)
    SVC_Handler                              0x08000257   Thumb Code     2  startup_stm32f10x_md.o(.text)
    DebugMon_Handler                         0x08000259   Thumb Code     2  startup_stm32f10x_md.o(.text)
    PendSV_Handler                           0x0800025b   Thumb Code     2  startup_stm32f10x_md.o(.text)
    SysTick_Handler                          0x0800025d   Thumb Code     2  startup_stm32f10x_md.o(.text)
    ADC1_2_IRQHandler                        0x0800025f   Thumb Code     0  startup_stm32f10x_md.o(.text)
    CAN1_RX1_IRQHandler                      0x0800025f   Thumb Code     0  startup_stm32f10x_md.o(.text)
    CAN1_SCE_IRQHandler                      0x0800025f   Thumb Code     0  startup_stm32f10x_md.o(.text)
    DMA1_Channel1_IRQHandler                 0x0800025f   Thumb Code     0  startup_stm32f10x_md.o(.text)
    DMA1_Channel2_IRQHandler                 0x0800025f   Thumb Code     0  startup_stm32f10x_md.o(.text)
    DMA1_Channel3_IRQHandler                 0x0800025f   Thumb Code     0  startup_stm32f10x_md.o(.text)
    DMA1_Channel4_IRQHandler                 0x0800025f   Thumb Code     0  startup_stm32f10x_md.o(.text)
    DMA1_Channel5_IRQHandler                 0x0800025f   Thumb Code     0  startup_stm32f10x_md.o(.text)
    DMA1_Channel6_IRQHandler                 0x0800025f   Thumb Code     0  startup_stm32f10x_md.o(.text)
    DMA1_Channel7_IRQHandler                 0x0800025f   Thumb Code     0  startup_stm32f10x_md.o(.text)
    EXTI0_IRQHandler                         0x0800025f   Thumb Code     0  startup_stm32f10x_md.o(.text)
    EXTI15_10_IRQHandler                     0x0800025f   Thumb Code     0  startup_stm32f10x_md.o(.text)
    EXTI1_IRQHandler                         0x0800025f   Thumb Code     0  startup_stm32f10x_md.o(.text)
    EXTI2_IRQHandler                         0x0800025f   Thumb Code     0  startup_stm32f10x_md.o(.text)
    EXTI3_IRQHandler                         0x0800025f   Thumb Code     0  startup_stm32f10x_md.o(.text)
    EXTI4_IRQHandler                         0x0800025f   Thumb Code     0  startup_stm32f10x_md.o(.text)
    EXTI9_5_IRQHandler                       0x0800025f   Thumb Code     0  startup_stm32f10x_md.o(.text)
    FLASH_IRQHandler                         0x0800025f   Thumb Code     0  startup_stm32f10x_md.o(.text)
    I2C1_ER_IRQHandler                       0x0800025f   Thumb Code     0  startup_stm32f10x_md.o(.text)
    I2C1_EV_IRQHandler                       0x0800025f   Thumb Code     0  startup_stm32f10x_md.o(.text)
    I2C2_ER_IRQHandler                       0x0800025f   Thumb Code     0  startup_stm32f10x_md.o(.text)
    I2C2_EV_IRQHandler                       0x0800025f   Thumb Code     0  startup_stm32f10x_md.o(.text)
    PVD_IRQHandler                           0x0800025f   Thumb Code     0  startup_stm32f10x_md.o(.text)
    RCC_IRQHandler                           0x0800025f   Thumb Code     0  startup_stm32f10x_md.o(.text)
    RTCAlarm_IRQHandler                      0x0800025f   Thumb Code     0  startup_stm32f10x_md.o(.text)
    RTC_IRQHandler                           0x0800025f   Thumb Code     0  startup_stm32f10x_md.o(.text)
    SPI1_IRQHandler                          0x0800025f   Thumb Code     0  startup_stm32f10x_md.o(.text)
    SPI2_IRQHandler                          0x0800025f   Thumb Code     0  startup_stm32f10x_md.o(.text)
    TAMPER_IRQHandler                        0x0800025f   Thumb Code     0  startup_stm32f10x_md.o(.text)
    TIM1_BRK_IRQHandler                      0x0800025f   Thumb Code     0  startup_stm32f10x_md.o(.text)
    TIM1_CC_IRQHandler                       0x0800025f   Thumb Code     0  startup_stm32f10x_md.o(.text)
    TIM1_TRG_COM_IRQHandler                  0x0800025f   Thumb Code     0  startup_stm32f10x_md.o(.text)
    TIM1_UP_IRQHandler                       0x0800025f   Thumb Code     0  startup_stm32f10x_md.o(.text)
    TIM2_IRQHandler                          0x0800025f   Thumb Code     0  startup_stm32f10x_md.o(.text)
    TIM3_IRQHandler                          0x0800025f   Thumb Code     0  startup_stm32f10x_md.o(.text)
    TIM4_IRQHandler                          0x0800025f   Thumb Code     0  startup_stm32f10x_md.o(.text)
    USART2_IRQHandler                        0x0800025f   Thumb Code     0  startup_stm32f10x_md.o(.text)
    USART3_IRQHandler                        0x0800025f   Thumb Code     0  startup_stm32f10x_md.o(.text)
    USBWakeUp_IRQHandler                     0x0800025f   Thumb Code     0  startup_stm32f10x_md.o(.text)
    USB_HP_CAN1_TX_IRQHandler                0x0800025f   Thumb Code     0  startup_stm32f10x_md.o(.text)
    USB_LP_CAN1_RX0_IRQHandler               0x0800025f   Thumb Code     0  startup_stm32f10x_md.o(.text)
    WWDG_IRQHandler                          0x0800025f   Thumb Code     0  startup_stm32f10x_md.o(.text)
    __user_initial_stackheap                 0x08000261   Thumb Code     0  startup_stm32f10x_md.o(.text)
    sprintf                                  0x08000285   Thumb Code    38  sprintf.o(.text)
    sscanf                                   0x080002b1   Thumb Code    52  sscanf.o(.text)
    __use_two_region_memory                  0x080002ed   Thumb Code     2  heapauxi.o(.text)
    __rt_heap_escrow$2region                 0x080002ef   Thumb Code     2  heapauxi.o(.text)
    __rt_heap_expand$2region                 0x080002f1   Thumb Code     2  heapauxi.o(.text)
    _printf_pre_padding                      0x080002f3   Thumb Code    44  _printf_pad.o(.text)
    _printf_post_padding                     0x0800031f   Thumb Code    34  _printf_pad.o(.text)
    _printf_truncate_signed                  0x08000341   Thumb Code    18  _printf_truncate.o(.text)
    _printf_truncate_unsigned                0x08000353   Thumb Code    18  _printf_truncate.o(.text)
    _printf_str                              0x08000365   Thumb Code    82  _printf_str.o(.text)
    _printf_int_dec                          0x080003b9   Thumb Code   104  _printf_dec.o(.text)
    _printf_charcount                        0x08000431   Thumb Code    40  _printf_charcount.o(.text)
    _printf_char_common                      0x08000463   Thumb Code    32  _printf_char_common.o(.text)
    _sputc                                   0x08000489   Thumb Code    10  _sputc.o(.text)
    _printf_wctomb                           0x08000495   Thumb Code   182  _printf_wctomb.o(.text)
    _printf_longlong_dec                     0x08000551   Thumb Code   108  _printf_longlong_dec.o(.text)
    _printf_longlong_oct                     0x080005cd   Thumb Code    68  _printf_oct_int_ll.o(.text)
    _printf_int_oct                          0x08000611   Thumb Code    24  _printf_oct_int_ll.o(.text)
    _printf_ll_oct                           0x08000629   Thumb Code    12  _printf_oct_int_ll.o(.text)
    _printf_longlong_hex                     0x0800063d   Thumb Code    86  _printf_hex_int_ll_ptr.o(.text)
    _printf_int_hex                          0x08000693   Thumb Code    28  _printf_hex_int_ll_ptr.o(.text)
    _printf_ll_hex                           0x080006af   Thumb Code    12  _printf_hex_int_ll_ptr.o(.text)
    _printf_hex_ptr                          0x080006bb   Thumb Code    18  _printf_hex_int_ll_ptr.o(.text)
    __printf                                 0x080006d1   Thumb Code   388  __printf_flags_ss_wp.o(.text)
    _scanf_longlong                          0x08000859   Thumb Code   342  _scanf_longlong.o(.text)
    _scanf_int                               0x080009af   Thumb Code   332  _scanf_int.o(.text)
    _scanf_string                            0x08000afb   Thumb Code   224  _scanf_str.o(.text)
    __vfscanf_char                           0x08000be9   Thumb Code    24  scanf_char.o(.text)
    _sgetc                                   0x08000c09   Thumb Code    30  _sgetc.o(.text)
    _sbackspace                              0x08000c27   Thumb Code    34  _sgetc.o(.text)
    _scanf_mbtowc                            0x08000c49   Thumb Code   276  _scanf_mbtowc.o(.text)
    _scanf_wctomb                            0x08000d5d   Thumb Code   232  _scanf_wctomb.o(.text)
    _scanf_wstring                           0x08000e45   Thumb Code   208  _scanf_wstr.o(.text)
    _ll_udiv10                               0x08000f15   Thumb Code   138  lludiv10.o(.text)
    isspace                                  0x08000f9f   Thumb Code    18  isspace.o(.text)
    _printf_int_common                       0x08000fb1   Thumb Code   178  _printf_intcommon.o(.text)
    _printf_fp_dec_real                      0x08001213   Thumb Code   620  _printf_fp_dec.o(.text)
    _printf_fp_hex_real                      0x08001481   Thumb Code   756  _printf_fp_hex.o(.text)
    _printf_cs_common                        0x0800177d   Thumb Code    20  _printf_char.o(.text)
    _printf_char                             0x08001791   Thumb Code    16  _printf_char.o(.text)
    _printf_string                           0x080017a1   Thumb Code     8  _printf_char.o(.text)
    _printf_lcs_common                       0x080017a9   Thumb Code    20  _printf_wchar.o(.text)
    _printf_wchar                            0x080017bd   Thumb Code    16  _printf_wchar.o(.text)
    _printf_wstring                          0x080017cd   Thumb Code     8  _printf_wchar.o(.text)
    _chval                                   0x080017d5   Thumb Code    28  _chval.o(.text)
    __vfscanf                                0x080017f1   Thumb Code   878  _scanf.o(.text)
    _scanf_really_real                       0x08001db1   Thumb Code   684  scanf_fp.o(.text)
    _scanf_wcharmap                          0x0800205d   Thumb Code    30  _scanf_wcharmap.o(.text)
    _mbrtoc16                                0x0800207b   Thumb Code    64  _mbrtoc16.o(.text)
    _mbrtowc                                 0x0800207b   Thumb Code     0  _mbrtoc16.o(.text)
    _c16rtomb                                0x080020bb   Thumb Code    72  _c16rtomb.o(.text)
    _wcrtomb                                 0x080020bb   Thumb Code     0  _c16rtomb.o(.text)
    __user_setup_stackheap                   0x08002103   Thumb Code    74  sys_stackheap_outer.o(.text)
    __rt_ctype_table                         0x0800214d   Thumb Code    16  rt_ctype_table.o(.text)
    __rt_locale                              0x0800215d   Thumb Code     8  rt_locale_intlibspace.o(.text)
    __aeabi_errno_addr                       0x08002165   Thumb Code     8  rt_errno_addr_intlibspace.o(.text)
    __errno$intlibspace                      0x08002165   Thumb Code     0  rt_errno_addr_intlibspace.o(.text)
    __rt_errno_addr$intlibspace              0x08002165   Thumb Code     0  rt_errno_addr_intlibspace.o(.text)
    __aeabi_llsl                             0x0800216d   Thumb Code     0  llshl.o(.text)
    _ll_shift_l                              0x0800216d   Thumb Code    38  llshl.o(.text)
    _printf_fp_infnan                        0x08002195   Thumb Code   112  _printf_fp_infnan.o(.text)
    _btod_etento                             0x08002215   Thumb Code   224  bigflt0.o(.text)
    exit                                     0x080022f9   Thumb Code    18  exit.o(.text)
    __user_libspace                          0x0800230d   Thumb Code     8  libspace.o(.text)
    __user_perproc_libspace                  0x0800230d   Thumb Code     0  libspace.o(.text)
    __user_perthread_libspace                0x0800230d   Thumb Code     0  libspace.o(.text)
    __read_errno                             0x08002315   Thumb Code    10  _rserrno.o(.text)
    __set_errno                              0x0800231f   Thumb Code    12  _rserrno.o(.text)
    _scanf_really_hex_real                   0x0800232d   Thumb Code   786  scanf_hexfp.o(.text)
    _scanf_really_infnan                     0x0800264d   Thumb Code   292  scanf_infnan.o(.text)
    strcmp                                   0x08002781   Thumb Code   128  strcmpv7m.o(.text)
    _sys_exit                                0x08002801   Thumb Code     8  sys_exit.o(.text)
    __I$use$semihosting                      0x0800280d   Thumb Code     0  use_no_semi.o(.text)
    __use_no_semihosting_swi                 0x0800280d   Thumb Code     2  use_no_semi.o(.text)
    __semihosting_library_function           0x0800280f   Thumb Code     0  indicate_semi.o(.text)
    Config_uart2                             0x08002811   Thumb Code    96  usart.o(.text.Config_uart2)
    ConfigureTimer3                          0x08002871   Thumb Code    56  delay.o(.text.ConfigureTimer3)
    GPIO_Init                                0x080028a9   Thumb Code   390  stm32f10x_gpio.o(.text.GPIO_Init)
    GPIO_PinRemapConfig                      0x08002a31   Thumb Code   250  stm32f10x_gpio.o(.text.GPIO_PinRemapConfig)
    NVIC_Init                                0x08002b2d   Thumb Code   166  misc.o(.text.NVIC_Init)
    NVIC_PriorityGroupConfig                 0x08002bd5   Thumb Code    28  misc.o(.text.NVIC_PriorityGroupConfig)
    RCC_APB2PeriphClockCmd                   0x08002bf1   Thumb Code    56  stm32f10x_rcc.o(.text.RCC_APB2PeriphClockCmd)
    RCC_GetClocksFreq                        0x08002c29   Thumb Code   370  stm32f10x_rcc.o(.text.RCC_GetClocksFreq)
    SetSystem72Mhz                           0x08002ec9   Thumb Code   224  delay.o(.text.SetSystem72Mhz)
    SystemInit                               0x08002fa9   Thumb Code   102  system_stm32f10x.o(.text.SystemInit)
    USART1_Configuration                     0x08003011   Thumb Code    16  usart.o(.text.USART1_Configuration)
    USART1_Configure_GPIO                    0x08003021   Thumb Code    84  usart.o(.text.USART1_Configure_GPIO)
    USART1_Configure_NVIC                    0x08003075   Thumb Code    46  usart.o(.text.USART1_Configure_NVIC)
    USART1_Configure_USART1                  0x080030a5   Thumb Code    86  usart.o(.text.USART1_Configure_USART1)
    USART1_IRQHandler                        0x080030fd   Thumb Code   122  main.o(.text.USART1_IRQHandler)
    USART_Cmd                                0x08003179   Thumb Code    44  stm32f10x_usart.o(.text.USART_Cmd)
    USART_GetFlagStatus                      0x080031a5   Thumb Code    68  stm32f10x_usart.o(.text.USART_GetFlagStatus)
    USART_ITConfig                           0x080031e9   Thumb Code   146  stm32f10x_usart.o(.text.USART_ITConfig)
    USART_Init                               0x0800327d   Thumb Code   348  stm32f10x_usart.o(.text.USART_Init)
    main                                     0x080033d9   Thumb Code   174  main.o(.text.main)
    usart2_sendByte                          0x08003489   Thumb Code    62  usart.o(.text.usart2_sendByte)
    _btod_d2e                                0x080034c7   Thumb Code    62  btod.o(CL$$btod_d2e)
    _d2e_denorm_low                          0x08003505   Thumb Code    70  btod.o(CL$$btod_d2e_denorm_low)
    _d2e_norm_op1                            0x0800354b   Thumb Code    96  btod.o(CL$$btod_d2e_norm_op1)
    __btod_div_common                        0x080035ad   Thumb Code   696  btod.o(CL$$btod_div_common)
    _e2d                                     0x080038e5   Thumb Code   122  btod.o(CL$$btod_e2d)
    _e2e                                     0x08003969   Thumb Code   220  btod.o(CL$$btod_e2e)
    _btod_ediv                               0x08003a45   Thumb Code    42  btod.o(CL$$btod_ediv)
    _btod_edivd                              0x08003a6f   Thumb Code    42  btod.o(CL$$btod_edivd)
    _btod_emul                               0x08003a99   Thumb Code    42  btod.o(CL$$btod_emul)
    _btod_emuld                              0x08003ac3   Thumb Code    42  btod.o(CL$$btod_emuld)
    __btod_mult_common                       0x08003aed   Thumb Code   580  btod.o(CL$$btod_mult_common)
    __ARM_fpclassify                         0x08003d31   Thumb Code    40  fpclassify.o(i.__ARM_fpclassify)
    __mathlib_dbl_overflow                   0x08003d59   Thumb Code    14  dunder.o(i.__mathlib_dbl_overflow)
    __mathlib_dbl_underflow                  0x08003d69   Thumb Code    10  dunder.o(i.__mathlib_dbl_underflow)
    __mathlib_narrow                         0x08003d79   Thumb Code    16  narrow.o(i.__mathlib_narrow)
    __mathlib_tofloat                        0x08003d89   Thumb Code   184  narrow.o(i.__mathlib_tofloat)
    __support_ldexp                          0x08003e45   Thumb Code    22  ldexp.o(i.__support_ldexp)
    _is_digit                                0x08003e5b   Thumb Code    14  __printf_wp.o(i._is_digit)
    frexp                                    0x08003e69   Thumb Code    80  frexp.o(i.frexp)
    ldexp                                    0x08003ec1   Thumb Code   116  ldexp.o(i.ldexp)
    _get_lc_numeric                          0x08003f35   Thumb Code    44  lc_numeric_c.o(locale$$code)
    _get_lc_ctype                            0x08003f61   Thumb Code    44  lc_ctype_c.o(locale$$code)
    __aeabi_d2f                              0x08003f8d   Thumb Code     0  d2f.o(x$fpl$d2f)
    _d2f                                     0x08003f8d   Thumb Code    98  d2f.o(x$fpl$d2f)
    __fpl_dcheck_NaN1                        0x08003ff1   Thumb Code    10  dcheck1.o(x$fpl$dcheck1)
    __fpl_dcmp_Inf                           0x08004001   Thumb Code    24  dcmpi.o(x$fpl$dcmpinf)
    __aeabi_cdcmpeq                          0x08004019   Thumb Code     0  deqf.o(x$fpl$deqf)
    _dcmpeq                                  0x08004019   Thumb Code   120  deqf.o(x$fpl$deqf)
    __aeabi_cdcmple                          0x08004091   Thumb Code     0  dleqf.o(x$fpl$dleqf)
    _dcmple                                  0x08004091   Thumb Code   120  dleqf.o(x$fpl$dleqf)
    __fpl_dcmple_InfNaN                      0x080040f3   Thumb Code     0  dleqf.o(x$fpl$dleqf)
    __fpl_dnaninf                            0x08004109   Thumb Code   156  dnaninf.o(x$fpl$dnaninf)
    __aeabi_cdrcmple                         0x080041a5   Thumb Code     0  drleqf.o(x$fpl$drleqf)
    _drcmple                                 0x080041a5   Thumb Code   108  drleqf.o(x$fpl$drleqf)
    __fpl_fretinf                            0x08004211   Thumb Code    10  fretinf.o(x$fpl$fretinf)
    __ieee_status                            0x0800421b   Thumb Code     6  istatus.o(x$fpl$ieeestatus)
    _printf_fp_dec                           0x08004221   Thumb Code     4  printf1.o(x$fpl$printf1)
    _printf_fp_hex                           0x08004225   Thumb Code     4  printf2.o(x$fpl$printf2)
    __fpl_return_NaN                         0x08004229   Thumb Code   100  retnan.o(x$fpl$retnan)
    __ARM_scalbn                             0x0800428d   Thumb Code    92  scalbn.o(x$fpl$scalbn)
    _scanf_real                              0x080042e9   Thumb Code     4  scanf1.o(x$fpl$scanf1)
    _scanf_hex_real                          0x080042ed   Thumb Code     4  scanf2.o(x$fpl$scanf2)
    _scanf_infnan                            0x080042f1   Thumb Code     4  scanf2.o(x$fpl$scanf2)
    __fpl_cmpreturn                          0x080042f5   Thumb Code    48  trapv.o(x$fpl$trapveneer)
    __I$use$fp                               0x08004324   Number         0  usenofp.o(x$fpl$usenofp)
    Region$$Table$$Base                      0x08004468   Number         0  anon$$obj.o(Region$$Table)
    Region$$Table$$Limit                     0x08004478   Number         0  anon$$obj.o(Region$$Table)
    __aeabi_HUGE_VAL                         0x08004478   Data           0  fpconst.o(c$$dinf)
    __aeabi_HUGE_VALL                        0x08004478   Data           0  fpconst.o(c$$dinf)
    __aeabi_INFINITY                         0x08004478   Data           0  fpconst.o(c$$dinf)
    __dInf                                   0x08004478   Data           0  fpconst.o(c$$dinf)
    __huge_val                               0x08004478   Data           0  fpconst.o(c$$dinf)
    __dbl_max                                0x08004480   Data           0  fpconst.o(c$$dmax)
    __ctype                                  0x080044b1   Data           0  lc_ctype_c.o(locale$$data)
    __libspace_start                         0x20000000   Data          96  libspace.o(.bss)
    USART1_RX                                0x20000060   Data          30  usart.o(.bss.USART1_RX)
    __temporary_stack_top$libspace           0x20000060   Data           0  libspace.o(.bss)
    USART1_RX_Index                          0x2000007e   Data           1  usart.o(.bss.USART1_RX_Index)
    dem                                      0x20000080   Data           4  main.o(.bss.dem)



==============================================================================

Memory Map of the image

  Image Entry point : 0x08000245

  Load Region LR_1 (Base: 0x08000000, Size: 0x000045b4, Max: 0xffffffff, ABSOLUTE)

    Execution Region ER_RO (Exec base: 0x08000000, Load base: 0x08000000, Size: 0x000045b4, Max: 0xffffffff, ABSOLUTE)

    Exec Addr    Load Addr    Size         Type   Attr      Idx    E Section Name        Object

    0x08000000   0x08000000   0x000000ec   Data   RO          253    RESET               startup_stm32f10x_md.o
    0x080000ec   0x080000ec   0x00000008   Code   RO          285  * !!!main             c_w.l(__main.o)
    0x080000f4   0x080000f4   0x0000005c   Code   RO          748    !!!scatter          c_w.l(__scatter.o)
    0x08000150   0x08000150   0x00000002   Code   RO          749    !!handler_null      c_w.l(__scatter.o)
    0x08000152   0x08000152   0x00000002   PAD
    0x08000154   0x08000154   0x0000001c   Code   RO          752    !!handler_zi        c_w.l(__scatter_zi.o)
    0x08000170   0x08000170   0x00000000   Code   RO          369    .ARM.Collect$$_printf_percent$$00000000  c_w.l(_printf_percent.o)
    0x08000170   0x08000170   0x00000006   Code   RO          358    .ARM.Collect$$_printf_percent$$00000001  c_w.l(_printf_n.o)
    0x08000176   0x08000176   0x00000006   Code   RO          360    .ARM.Collect$$_printf_percent$$00000002  c_w.l(_printf_p.o)
    0x0800017c   0x0800017c   0x00000006   Code   RO          365    .ARM.Collect$$_printf_percent$$00000003  c_w.l(_printf_f.o)
    0x08000182   0x08000182   0x00000006   Code   RO          366    .ARM.Collect$$_printf_percent$$00000004  c_w.l(_printf_e.o)
    0x08000188   0x08000188   0x00000006   Code   RO          367    .ARM.Collect$$_printf_percent$$00000005  c_w.l(_printf_g.o)
    0x0800018e   0x0800018e   0x00000006   Code   RO          368    .ARM.Collect$$_printf_percent$$00000006  c_w.l(_printf_a.o)
    0x08000194   0x08000194   0x0000000a   Code   RO          373    .ARM.Collect$$_printf_percent$$00000007  c_w.l(_printf_ll.o)
    0x0800019e   0x0800019e   0x00000006   Code   RO          362    .ARM.Collect$$_printf_percent$$00000008  c_w.l(_printf_i.o)
    0x080001a4   0x080001a4   0x00000006   Code   RO          363    .ARM.Collect$$_printf_percent$$00000009  c_w.l(_printf_d.o)
    0x080001aa   0x080001aa   0x00000006   Code   RO          364    .ARM.Collect$$_printf_percent$$0000000A  c_w.l(_printf_u.o)
    0x080001b0   0x080001b0   0x00000006   Code   RO          361    .ARM.Collect$$_printf_percent$$0000000B  c_w.l(_printf_o.o)
    0x080001b6   0x080001b6   0x00000006   Code   RO          359    .ARM.Collect$$_printf_percent$$0000000C  c_w.l(_printf_x.o)
    0x080001bc   0x080001bc   0x00000006   Code   RO          370    .ARM.Collect$$_printf_percent$$0000000D  c_w.l(_printf_lli.o)
    0x080001c2   0x080001c2   0x00000006   Code   RO          371    .ARM.Collect$$_printf_percent$$0000000E  c_w.l(_printf_lld.o)
    0x080001c8   0x080001c8   0x00000006   Code   RO          372    .ARM.Collect$$_printf_percent$$0000000F  c_w.l(_printf_llu.o)
    0x080001ce   0x080001ce   0x00000006   Code   RO          377    .ARM.Collect$$_printf_percent$$00000010  c_w.l(_printf_llo.o)
    0x080001d4   0x080001d4   0x00000006   Code   RO          378    .ARM.Collect$$_printf_percent$$00000011  c_w.l(_printf_llx.o)
    0x080001da   0x080001da   0x0000000a   Code   RO          374    .ARM.Collect$$_printf_percent$$00000012  c_w.l(_printf_l.o)
    0x080001e4   0x080001e4   0x00000006   Code   RO          356    .ARM.Collect$$_printf_percent$$00000013  c_w.l(_printf_c.o)
    0x080001ea   0x080001ea   0x00000006   Code   RO          357    .ARM.Collect$$_printf_percent$$00000014  c_w.l(_printf_s.o)
    0x080001f0   0x080001f0   0x00000006   Code   RO          375    .ARM.Collect$$_printf_percent$$00000015  c_w.l(_printf_lc.o)
    0x080001f6   0x080001f6   0x00000006   Code   RO          376    .ARM.Collect$$_printf_percent$$00000016  c_w.l(_printf_ls.o)
    0x080001fc   0x080001fc   0x00000004   Code   RO          439    .ARM.Collect$$_printf_percent$$00000017  c_w.l(_printf_percent_end.o)
    0x08000200   0x08000200   0x00000002   Code   RO          514    .ARM.Collect$$libinit$$00000000  c_w.l(libinit.o)
    0x08000202   0x08000202   0x00000000   Code   RO          555    .ARM.Collect$$libinit$$00000002  c_w.l(libinit2.o)
    0x08000202   0x08000202   0x00000000   Code   RO          557    .ARM.Collect$$libinit$$00000004  c_w.l(libinit2.o)
    0x08000202   0x08000202   0x00000000   Code   RO          559    .ARM.Collect$$libinit$$00000006  c_w.l(libinit2.o)
    0x08000202   0x08000202   0x00000000   Code   RO          562    .ARM.Collect$$libinit$$0000000C  c_w.l(libinit2.o)
    0x08000202   0x08000202   0x00000000   Code   RO          564    .ARM.Collect$$libinit$$0000000E  c_w.l(libinit2.o)
    0x08000202   0x08000202   0x00000000   Code   RO          566    .ARM.Collect$$libinit$$00000010  c_w.l(libinit2.o)
    0x08000202   0x08000202   0x00000006   Code   RO          567    .ARM.Collect$$libinit$$00000011  c_w.l(libinit2.o)
    0x08000208   0x08000208   0x00000000   Code   RO          569    .ARM.Collect$$libinit$$00000013  c_w.l(libinit2.o)
    0x08000208   0x08000208   0x0000000c   Code   RO          570    .ARM.Collect$$libinit$$00000014  c_w.l(libinit2.o)
    0x08000214   0x08000214   0x00000000   Code   RO          571    .ARM.Collect$$libinit$$00000015  c_w.l(libinit2.o)
    0x08000214   0x08000214   0x00000000   Code   RO          573    .ARM.Collect$$libinit$$00000017  c_w.l(libinit2.o)
    0x08000214   0x08000214   0x0000000a   Code   RO          574    .ARM.Collect$$libinit$$00000018  c_w.l(libinit2.o)
    0x0800021e   0x0800021e   0x00000000   Code   RO          575    .ARM.Collect$$libinit$$00000019  c_w.l(libinit2.o)
    0x0800021e   0x0800021e   0x00000000   Code   RO          577    .ARM.Collect$$libinit$$0000001B  c_w.l(libinit2.o)
    0x0800021e   0x0800021e   0x00000000   Code   RO          579    .ARM.Collect$$libinit$$0000001D  c_w.l(libinit2.o)
    0x0800021e   0x0800021e   0x00000000   Code   RO          581    .ARM.Collect$$libinit$$0000001F  c_w.l(libinit2.o)
    0x0800021e   0x0800021e   0x00000000   Code   RO          583    .ARM.Collect$$libinit$$00000021  c_w.l(libinit2.o)
    0x0800021e   0x0800021e   0x00000000   Code   RO          585    .ARM.Collect$$libinit$$00000023  c_w.l(libinit2.o)
    0x0800021e   0x0800021e   0x00000000   Code   RO          587    .ARM.Collect$$libinit$$00000025  c_w.l(libinit2.o)
    0x0800021e   0x0800021e   0x00000000   Code   RO          589    .ARM.Collect$$libinit$$00000027  c_w.l(libinit2.o)
    0x0800021e   0x0800021e   0x00000000   Code   RO          593    .ARM.Collect$$libinit$$0000002E  c_w.l(libinit2.o)
    0x0800021e   0x0800021e   0x00000000   Code   RO          595    .ARM.Collect$$libinit$$00000030  c_w.l(libinit2.o)
    0x0800021e   0x0800021e   0x00000000   Code   RO          597    .ARM.Collect$$libinit$$00000032  c_w.l(libinit2.o)
    0x0800021e   0x0800021e   0x00000000   Code   RO          599    .ARM.Collect$$libinit$$00000034  c_w.l(libinit2.o)
    0x0800021e   0x0800021e   0x00000002   Code   RO          600    .ARM.Collect$$libinit$$00000035  c_w.l(libinit2.o)
    0x08000220   0x08000220   0x00000002   Code   RO          650    .ARM.Collect$$libshutdown$$00000000  c_w.l(libshutdown.o)
    0x08000222   0x08000222   0x00000000   Code   RO          681    .ARM.Collect$$libshutdown$$00000002  c_w.l(libshutdown2.o)
    0x08000222   0x08000222   0x00000000   Code   RO          683    .ARM.Collect$$libshutdown$$00000004  c_w.l(libshutdown2.o)
    0x08000222   0x08000222   0x00000000   Code   RO          686    .ARM.Collect$$libshutdown$$00000007  c_w.l(libshutdown2.o)
    0x08000222   0x08000222   0x00000000   Code   RO          689    .ARM.Collect$$libshutdown$$0000000A  c_w.l(libshutdown2.o)
    0x08000222   0x08000222   0x00000000   Code   RO          691    .ARM.Collect$$libshutdown$$0000000C  c_w.l(libshutdown2.o)
    0x08000222   0x08000222   0x00000000   Code   RO          694    .ARM.Collect$$libshutdown$$0000000F  c_w.l(libshutdown2.o)
    0x08000222   0x08000222   0x00000002   Code   RO          695    .ARM.Collect$$libshutdown$$00000010  c_w.l(libshutdown2.o)
    0x08000224   0x08000224   0x00000000   Code   RO          287    .ARM.Collect$$rtentry$$00000000  c_w.l(__rtentry.o)
    0x08000224   0x08000224   0x00000000   Code   RO          406    .ARM.Collect$$rtentry$$00000002  c_w.l(__rtentry2.o)
    0x08000224   0x08000224   0x00000006   Code   RO          418    .ARM.Collect$$rtentry$$00000004  c_w.l(__rtentry4.o)
    0x0800022a   0x0800022a   0x00000000   Code   RO          408    .ARM.Collect$$rtentry$$00000009  c_w.l(__rtentry2.o)
    0x0800022a   0x0800022a   0x00000004   Code   RO          409    .ARM.Collect$$rtentry$$0000000A  c_w.l(__rtentry2.o)
    0x0800022e   0x0800022e   0x00000000   Code   RO          411    .ARM.Collect$$rtentry$$0000000C  c_w.l(__rtentry2.o)
    0x0800022e   0x0800022e   0x00000008   Code   RO          412    .ARM.Collect$$rtentry$$0000000D  c_w.l(__rtentry2.o)
    0x08000236   0x08000236   0x00000002   Code   RO          539    .ARM.Collect$$rtexit$$00000000  c_w.l(rtexit.o)
    0x08000238   0x08000238   0x00000000   Code   RO          612    .ARM.Collect$$rtexit$$00000002  c_w.l(rtexit2.o)
    0x08000238   0x08000238   0x00000004   Code   RO          613    .ARM.Collect$$rtexit$$00000003  c_w.l(rtexit2.o)
    0x0800023c   0x0800023c   0x00000006   Code   RO          614    .ARM.Collect$$rtexit$$00000004  c_w.l(rtexit2.o)
    0x08000242   0x08000242   0x00000002   PAD
    0x08000244   0x08000244   0x00000040   Code   RO          254  * .text               startup_stm32f10x_md.o
    0x08000284   0x08000284   0x0000002c   Code   RO          279    .text               c_w.l(sprintf.o)
    0x080002b0   0x080002b0   0x0000003c   Code   RO          281    .text               c_w.l(sscanf.o)
    0x080002ec   0x080002ec   0x00000006   Code   RO          283    .text               c_w.l(heapauxi.o)
    0x080002f2   0x080002f2   0x0000004e   Code   RO          290    .text               c_w.l(_printf_pad.o)
    0x08000340   0x08000340   0x00000024   Code   RO          292    .text               c_w.l(_printf_truncate.o)
    0x08000364   0x08000364   0x00000052   Code   RO          294    .text               c_w.l(_printf_str.o)
    0x080003b6   0x080003b6   0x00000002   PAD
    0x080003b8   0x080003b8   0x00000078   Code   RO          296    .text               c_w.l(_printf_dec.o)
    0x08000430   0x08000430   0x00000028   Code   RO          298    .text               c_w.l(_printf_charcount.o)
    0x08000458   0x08000458   0x00000030   Code   RO          300    .text               c_w.l(_printf_char_common.o)
    0x08000488   0x08000488   0x0000000a   Code   RO          302    .text               c_w.l(_sputc.o)
    0x08000492   0x08000492   0x00000002   PAD
    0x08000494   0x08000494   0x000000bc   Code   RO          304    .text               c_w.l(_printf_wctomb.o)
    0x08000550   0x08000550   0x0000007c   Code   RO          307    .text               c_w.l(_printf_longlong_dec.o)
    0x080005cc   0x080005cc   0x00000070   Code   RO          313    .text               c_w.l(_printf_oct_int_ll.o)
    0x0800063c   0x0800063c   0x00000094   Code   RO          333    .text               c_w.l(_printf_hex_int_ll_ptr.o)
    0x080006d0   0x080006d0   0x00000188   Code   RO          353    .text               c_w.l(__printf_flags_ss_wp.o)
    0x08000858   0x08000858   0x00000156   Code   RO          379    .text               c_w.l(_scanf_longlong.o)
    0x080009ae   0x080009ae   0x0000014c   Code   RO          381    .text               c_w.l(_scanf_int.o)
    0x08000afa   0x08000afa   0x000000e0   Code   RO          383    .text               c_w.l(_scanf_str.o)
    0x08000bda   0x08000bda   0x00000002   PAD
    0x08000bdc   0x08000bdc   0x0000002c   Code   RO          385    .text               c_w.l(scanf_char.o)
    0x08000c08   0x08000c08   0x00000040   Code   RO          387    .text               c_w.l(_sgetc.o)
    0x08000c48   0x08000c48   0x00000114   Code   RO          389    .text               c_w.l(_scanf_mbtowc.o)
    0x08000d5c   0x08000d5c   0x000000e8   Code   RO          391    .text               c_w.l(_scanf_wctomb.o)
    0x08000e44   0x08000e44   0x000000d0   Code   RO          393    .text               c_w.l(_scanf_wstr.o)
    0x08000f14   0x08000f14   0x0000008a   Code   RO          420    .text               c_w.l(lludiv10.o)
    0x08000f9e   0x08000f9e   0x00000012   Code   RO          422    .text               c_w.l(isspace.o)
    0x08000fb0   0x08000fb0   0x000000b2   Code   RO          424    .text               c_w.l(_printf_intcommon.o)
    0x08001062   0x08001062   0x0000041c   Code   RO          426    .text               c_w.l(_printf_fp_dec.o)
    0x0800147e   0x0800147e   0x00000002   PAD
    0x08001480   0x08001480   0x000002fc   Code   RO          430    .text               c_w.l(_printf_fp_hex.o)
    0x0800177c   0x0800177c   0x0000002c   Code   RO          435    .text               c_w.l(_printf_char.o)
    0x080017a8   0x080017a8   0x0000002c   Code   RO          437    .text               c_w.l(_printf_wchar.o)
    0x080017d4   0x080017d4   0x0000001c   Code   RO          440    .text               c_w.l(_chval.o)
    0x080017f0   0x080017f0   0x00000374   Code   RO          442    .text               c_w.l(_scanf.o)
    0x08001b64   0x08001b64   0x000004f8   Code   RO          444    .text               c_w.l(scanf_fp.o)
    0x0800205c   0x0800205c   0x0000001e   Code   RO          448    .text               c_w.l(_scanf_wcharmap.o)
    0x0800207a   0x0800207a   0x00000040   Code   RO          450    .text               c_w.l(_mbrtoc16.o)
    0x080020ba   0x080020ba   0x00000048   Code   RO          452    .text               c_w.l(_c16rtomb.o)
    0x08002102   0x08002102   0x0000004a   Code   RO          454    .text               c_w.l(sys_stackheap_outer.o)
    0x0800214c   0x0800214c   0x00000010   Code   RO          456    .text               c_w.l(rt_ctype_table.o)
    0x0800215c   0x0800215c   0x00000008   Code   RO          461    .text               c_w.l(rt_locale_intlibspace.o)
    0x08002164   0x08002164   0x00000008   Code   RO          466    .text               c_w.l(rt_errno_addr_intlibspace.o)
    0x0800216c   0x0800216c   0x00000026   Code   RO          468    .text               c_w.l(llshl.o)
    0x08002192   0x08002192   0x00000002   PAD
    0x08002194   0x08002194   0x00000080   Code   RO          470    .text               c_w.l(_printf_fp_infnan.o)
    0x08002214   0x08002214   0x000000e4   Code   RO          472    .text               c_w.l(bigflt0.o)
    0x080022f8   0x080022f8   0x00000012   Code   RO          505    .text               c_w.l(exit.o)
    0x0800230a   0x0800230a   0x00000002   PAD
    0x0800230c   0x0800230c   0x00000008   Code   RO          536    .text               c_w.l(libspace.o)
    0x08002314   0x08002314   0x00000016   Code   RO          541    .text               c_w.l(_rserrno.o)
    0x0800232a   0x0800232a   0x00000002   PAD
    0x0800232c   0x0800232c   0x00000320   Code   RO          543    .text               c_w.l(scanf_hexfp.o)
    0x0800264c   0x0800264c   0x00000134   Code   RO          545    .text               c_w.l(scanf_infnan.o)
    0x08002780   0x08002780   0x00000080   Code   RO          552    .text               c_w.l(strcmpv7m.o)
    0x08002800   0x08002800   0x0000000c   Code   RO          640    .text               c_w.l(sys_exit.o)
    0x0800280c   0x0800280c   0x00000002   Code   RO          671    .text               c_w.l(use_no_semi.o)
    0x0800280e   0x0800280e   0x00000000   Code   RO          673    .text               c_w.l(indicate_semi.o)
    0x0800280e   0x0800280e   0x00000002   PAD
    0x08002810   0x08002810   0x00000060   Code   RO           30    .text.Config_uart2  usart.o
    0x08002870   0x08002870   0x00000038   Code   RO           43    .text.ConfigureTimer3  delay.o
    0x080028a8   0x080028a8   0x00000186   Code   RO           75    .text.GPIO_Init     stm32f10x_gpio.o
    0x08002a2e   0x08002a2e   0x00000002   PAD
    0x08002a30   0x08002a30   0x000000fa   Code   RO          101    .text.GPIO_PinRemapConfig  stm32f10x_gpio.o
    0x08002b2a   0x08002b2a   0x00000002   PAD
    0x08002b2c   0x08002b2c   0x000000a6   Code   RO           56    .text.NVIC_Init     misc.o
    0x08002bd2   0x08002bd2   0x00000002   PAD
    0x08002bd4   0x08002bd4   0x0000001c   Code   RO           54    .text.NVIC_PriorityGroupConfig  misc.o
    0x08002bf0   0x08002bf0   0x00000038   Code   RO          158    .text.RCC_APB2PeriphClockCmd  stm32f10x_rcc.o
    0x08002c28   0x08002c28   0x00000172   Code   RO          154    .text.RCC_GetClocksFreq  stm32f10x_rcc.o
    0x08002d9a   0x08002d9a   0x00000002   PAD
    0x08002d9c   0x08002d9c   0x00000008   Code   RO          263    .text.SetSysClock   system_stm32f10x.o
    0x08002da4   0x08002da4   0x00000122   Code   RO          267    .text.SetSysClockTo72  system_stm32f10x.o
    0x08002ec6   0x08002ec6   0x00000002   PAD
    0x08002ec8   0x08002ec8   0x000000e0   Code   RO           41    .text.SetSystem72Mhz  delay.o
    0x08002fa8   0x08002fa8   0x00000066   Code   RO          261    .text.SystemInit    system_stm32f10x.o
    0x0800300e   0x0800300e   0x00000002   PAD
    0x08003010   0x08003010   0x00000010   Code   RO           22    .text.USART1_Configuration  usart.o
    0x08003020   0x08003020   0x00000054   Code   RO           16    .text.USART1_Configure_GPIO  usart.o
    0x08003074   0x08003074   0x0000002e   Code   RO           20    .text.USART1_Configure_NVIC  usart.o
    0x080030a2   0x080030a2   0x00000002   PAD
    0x080030a4   0x080030a4   0x00000056   Code   RO           18    .text.USART1_Configure_USART1  usart.o
    0x080030fa   0x080030fa   0x00000002   PAD
    0x080030fc   0x080030fc   0x0000007a   Code   RO            2    .text.USART1_IRQHandler  main.o
    0x08003176   0x08003176   0x00000002   PAD
    0x08003178   0x08003178   0x0000002c   Code   RO          197    .text.USART_Cmd     stm32f10x_usart.o
    0x080031a4   0x080031a4   0x00000044   Code   RO          237    .text.USART_GetFlagStatus  stm32f10x_usart.o
    0x080031e8   0x080031e8   0x00000092   Code   RO          199    .text.USART_ITConfig  stm32f10x_usart.o
    0x0800327a   0x0800327a   0x00000002   PAD
    0x0800327c   0x0800327c   0x0000015c   Code   RO          189    .text.USART_Init    stm32f10x_usart.o
    0x080033d8   0x080033d8   0x000000ae   Code   RO            4    .text.main          main.o
    0x08003486   0x08003486   0x00000002   PAD
    0x08003488   0x08003488   0x0000003e   Code   RO           28    .text.usart2_sendByte  usart.o
    0x080034c6   0x080034c6   0x0000003e   Code   RO          475    CL$$btod_d2e        c_w.l(btod.o)
    0x08003504   0x08003504   0x00000046   Code   RO          477    CL$$btod_d2e_denorm_low  c_w.l(btod.o)
    0x0800354a   0x0800354a   0x00000060   Code   RO          476    CL$$btod_d2e_norm_op1  c_w.l(btod.o)
    0x080035aa   0x080035aa   0x00000002   PAD
    0x080035ac   0x080035ac   0x00000338   Code   RO          485    CL$$btod_div_common  c_w.l(btod.o)
    0x080038e4   0x080038e4   0x00000084   Code   RO          483    CL$$btod_e2d        c_w.l(btod.o)
    0x08003968   0x08003968   0x000000dc   Code   RO          482    CL$$btod_e2e        c_w.l(btod.o)
    0x08003a44   0x08003a44   0x0000002a   Code   RO          479    CL$$btod_ediv       c_w.l(btod.o)
    0x08003a6e   0x08003a6e   0x0000002a   Code   RO          481    CL$$btod_edivd      c_w.l(btod.o)
    0x08003a98   0x08003a98   0x0000002a   Code   RO          478    CL$$btod_emul       c_w.l(btod.o)
    0x08003ac2   0x08003ac2   0x0000002a   Code   RO          480    CL$$btod_emuld      c_w.l(btod.o)
    0x08003aec   0x08003aec   0x00000244   Code   RO          484    CL$$btod_mult_common  c_w.l(btod.o)
    0x08003d30   0x08003d30   0x00000028   Code   RO          528    i.__ARM_fpclassify  m_ws.l(fpclassify.o)
    0x08003d58   0x08003d58   0x0000000e   Code   RO          657    i.__mathlib_dbl_overflow  m_ws.l(dunder.o)
    0x08003d66   0x08003d66   0x00000002   PAD
    0x08003d68   0x08003d68   0x00000010   Code   RO          659    i.__mathlib_dbl_underflow  m_ws.l(dunder.o)
    0x08003d78   0x08003d78   0x00000010   Code   RO          530    i.__mathlib_narrow  m_ws.l(narrow.o)
    0x08003d88   0x08003d88   0x000000bc   Code   RO          531    i.__mathlib_tofloat  m_ws.l(narrow.o)
    0x08003e44   0x08003e44   0x00000016   Code   RO          635    i.__support_ldexp   m_ws.l(ldexp.o)
    0x08003e5a   0x08003e5a   0x0000000e   Code   RO          346    i._is_digit         c_w.l(__printf_wp.o)
    0x08003e68   0x08003e68   0x00000058   Code   RO          608    i.frexp             m_ws.l(frexp.o)
    0x08003ec0   0x08003ec0   0x00000074   Code   RO          636    i.ldexp             m_ws.l(ldexp.o)
    0x08003f34   0x08003f34   0x0000002c   Code   RO          503    locale$$code        c_w.l(lc_numeric_c.o)
    0x08003f60   0x08003f60   0x0000002c   Code   RO          550    locale$$code        c_w.l(lc_ctype_c.o)
    0x08003f8c   0x08003f8c   0x00000062   Code   RO          601    x$fpl$d2f           fz_ws.l(d2f.o)
    0x08003fee   0x08003fee   0x00000002   PAD
    0x08003ff0   0x08003ff0   0x00000010   Code   RO          651    x$fpl$dcheck1       fz_ws.l(dcheck1.o)
    0x08004000   0x08004000   0x00000018   Code   RO          622    x$fpl$dcmpinf       fz_ws.l(dcmpi.o)
    0x08004018   0x08004018   0x00000078   Code   RO          603    x$fpl$deqf          fz_ws.l(deqf.o)
    0x08004090   0x08004090   0x00000078   Code   RO          624    x$fpl$dleqf         fz_ws.l(dleqf.o)
    0x08004108   0x08004108   0x0000009c   Code   RO          626    x$fpl$dnaninf       fz_ws.l(dnaninf.o)
    0x080041a4   0x080041a4   0x0000006c   Code   RO          605    x$fpl$drleqf        fz_ws.l(drleqf.o)
    0x08004210   0x08004210   0x0000000a   Code   RO          630    x$fpl$fretinf       fz_ws.l(fretinf.o)
    0x0800421a   0x0800421a   0x00000006   Code   RO          519    x$fpl$ieeestatus    fz_ws.l(istatus.o)
    0x08004220   0x08004220   0x00000004   Code   RO          395    x$fpl$printf1       fz_ws.l(printf1.o)
    0x08004224   0x08004224   0x00000004   Code   RO          397    x$fpl$printf2       fz_ws.l(printf2.o)
    0x08004228   0x08004228   0x00000064   Code   RO          708    x$fpl$retnan        fz_ws.l(retnan.o)
    0x0800428c   0x0800428c   0x0000005c   Code   RO          632    x$fpl$scalbn        fz_ws.l(scalbn.o)
    0x080042e8   0x080042e8   0x00000004   Code   RO          403    x$fpl$scanf1        fz_ws.l(scanf1.o)
    0x080042ec   0x080042ec   0x00000008   Code   RO          521    x$fpl$scanf2        fz_ws.l(scanf2.o)
    0x080042f4   0x080042f4   0x00000030   Code   RO          718    x$fpl$trapveneer    fz_ws.l(trapv.o)
    0x08004324   0x08004324   0x00000000   Code   RO          527    x$fpl$usenofp       fz_ws.l(usenofp.o)
    0x08004324   0x08004324   0x00000008   Data   RO          305    .constdata          c_w.l(_printf_wctomb.o)
    0x0800432c   0x0800432c   0x00000028   Data   RO          334    .constdata          c_w.l(_printf_hex_int_ll_ptr.o)
    0x08004354   0x08004354   0x00000011   Data   RO          354    .constdata          c_w.l(__printf_flags_ss_wp.o)
    0x08004365   0x08004365   0x00000026   Data   RO          431    .constdata          c_w.l(_printf_fp_hex.o)
    0x0800438b   0x0800438b   0x00000001   PAD
    0x0800438c   0x0800438c   0x00000094   Data   RO          473    .constdata          c_w.l(bigflt0.o)
    0x08004420   0x08004420   0x00000004   Data   RO          179    .rodata.ADCPrescTable  stm32f10x_rcc.o
    0x08004424   0x08004424   0x00000010   Data   RO          178    .rodata.APBAHBPrescTable  stm32f10x_rcc.o
    0x08004434   0x08004434   0x00000033   Data   RO            7    .rodata.str1.1      main.o
    0x08004467   0x08004467   0x00000001   PAD
    0x08004468   0x08004468   0x00000010   Data   RO          747    Region$$Table       anon$$obj.o
    0x08004478   0x08004478   0x00000008   Data   RO          515    c$$dinf             fz_ws.l(fpconst.o)
    0x08004480   0x08004480   0x00000008   Data   RO          518    c$$dmax             fz_ws.l(fpconst.o)
    0x08004488   0x08004488   0x0000001c   Data   RO          502    locale$$data        c_w.l(lc_numeric_c.o)
    0x080044a4   0x080044a4   0x00000110   Data   RO          549    locale$$data        c_w.l(lc_ctype_c.o)


    Execution Region ER_RW (Exec base: 0x20000000, Load base: 0x080045b4, Size: 0x00000000, Max: 0xffffffff, ABSOLUTE)

    **** No section assigned to this execution region ****


    Execution Region ER_ZI (Exec base: 0x20000000, Load base: 0x080045b4, Size: 0x00000688, Max: 0xffffffff, ABSOLUTE)

    Exec Addr    Load Addr    Size         Type   Attr      Idx    E Section Name        Object

    0x20000000        -       0x00000060   Zero   RW          537    .bss                c_w.l(libspace.o)
    0x20000060        -       0x0000001e   Zero   RW           33    .bss.USART1_RX      usart.o
    0x2000007e        -       0x00000001   Zero   RW           32    .bss.USART1_RX_Index  usart.o
    0x2000007f   0x080045b4   0x00000001   PAD
    0x20000080        -       0x00000004   Zero   RW            6    .bss.dem            main.o
    0x20000084   0x080045b4   0x00000004   PAD
    0x20000088        -       0x00000200   Zero   RW          252    HEAP                startup_stm32f10x_md.o
    0x20000288        -       0x00000400   Zero   RW          251    STACK               startup_stm32f10x_md.o


==============================================================================

Image component sizes


      Code (inc. data)   RO Data    RW Data    ZI Data      Debug   Object Name

       280          0          0          0          0       2569   delay.o
       296          0         51          0          4       1593   main.o
       194          0          0          0          0       3177   misc.o
        64         26        236          0       1536        848   startup_stm32f10x_md.o
       640          0          0          0          0       5628   stm32f10x_gpio.o
       426          0         20          0          0       6956   stm32f10x_rcc.o
       606          0          0          0          0       7429   stm32f10x_usart.o
       400          0          0          0          0       2839   system_stm32f10x.o
       390          0          0          0         31       4788   usart.o

    ----------------------------------------------------------------------
      3318         26        324          0       1576      35827   Object Totals
         0          0         16          0          0          0   (incl. Generated)
        22          0          1          0          5          0   (incl. Padding)

    ----------------------------------------------------------------------

      Code (inc. data)   RO Data    RW Data    ZI Data      Debug   Library Member Name

         8          0          0          0          0         68   __main.o
       392          4         17          0          0         92   __printf_flags_ss_wp.o
        14          0          0          0          0         68   __printf_wp.o
         0          0          0          0          0          0   __rtentry.o
        12          0          0          0          0          0   __rtentry2.o
         6          0          0          0          0          0   __rtentry4.o
        94          8          0          0          0          0   __scatter.o
        28          0          0          0          0          0   __scatter_zi.o
        72          0          0          0          0         96   _c16rtomb.o
        28          0          0          0          0         68   _chval.o
        64          0          0          0          0         84   _mbrtoc16.o
         6          0          0          0          0          0   _printf_a.o
         6          0          0          0          0          0   _printf_c.o
        44          0          0          0          0        108   _printf_char.o
        48          6          0          0          0         96   _printf_char_common.o
        40          0          0          0          0         68   _printf_charcount.o
         6          0          0          0          0          0   _printf_d.o
       120         16          0          0          0         92   _printf_dec.o
         6          0          0          0          0          0   _printf_e.o
         6          0          0          0          0          0   _printf_f.o
      1052          0          0          0          0        148   _printf_fp_dec.o
       764          8         38          0          0        100   _printf_fp_hex.o
       128         16          0          0          0         84   _printf_fp_infnan.o
         6          0          0          0          0          0   _printf_g.o
       148          4         40          0          0        160   _printf_hex_int_ll_ptr.o
         6          0          0          0          0          0   _printf_i.o
       178          0          0          0          0         88   _printf_intcommon.o
        10          0          0          0          0          0   _printf_l.o
         6          0          0          0          0          0   _printf_lc.o
        10          0          0          0          0          0   _printf_ll.o
         6          0          0          0          0          0   _printf_lld.o
         6          0          0          0          0          0   _printf_lli.o
         6          0          0          0          0          0   _printf_llo.o
         6          0          0          0          0          0   _printf_llu.o
         6          0          0          0          0          0   _printf_llx.o
       124         16          0          0          0         92   _printf_longlong_dec.o
         6          0          0          0          0          0   _printf_ls.o
         6          0          0          0          0          0   _printf_n.o
         6          0          0          0          0          0   _printf_o.o
       112          8          0          0          0        124   _printf_oct_int_ll.o
         6          0          0          0          0          0   _printf_p.o
        78          0          0          0          0        108   _printf_pad.o
         0          0          0          0          0          0   _printf_percent.o
         4          0          0          0          0          0   _printf_percent_end.o
         6          0          0          0          0          0   _printf_s.o
        82          0          0          0          0         80   _printf_str.o
        36          0          0          0          0         84   _printf_truncate.o
         6          0          0          0          0          0   _printf_u.o
        44          0          0          0          0        108   _printf_wchar.o
       188          6          8          0          0         92   _printf_wctomb.o
         6          0          0          0          0          0   _printf_x.o
        22          0          0          0          0        100   _rserrno.o
       884          6          0          0          0        100   _scanf.o
       332          0          0          0          0         96   _scanf_int.o
       342          0          0          0          0        100   _scanf_longlong.o
       276          0          0          0          0        100   _scanf_mbtowc.o
       224          0          0          0          0         96   _scanf_str.o
        30          0          0          0          0         76   _scanf_wcharmap.o
       232          0          0          0          0        100   _scanf_wctomb.o
       208          0          0          0          0         96   _scanf_wstr.o
        64          0          0          0          0         84   _sgetc.o
        10          0          0          0          0         68   _sputc.o
       228          4        148          0          0         96   bigflt0.o
      2152        136          0          0          0        956   btod.o
        18          0          0          0          0         80   exit.o
         6          0          0          0          0        152   heapauxi.o
         0          0          0          0          0          0   indicate_semi.o
        18          0          0          0          0         76   isspace.o
        44         10        272          0          0         76   lc_ctype_c.o
        44         10         28          0          0         76   lc_numeric_c.o
         2          0          0          0          0          0   libinit.o
        30          0          0          0          0          0   libinit2.o
         2          0          0          0          0          0   libshutdown.o
         2          0          0          0          0          0   libshutdown2.o
         8          4          0          0         96         68   libspace.o
        38          0          0          0          0         68   llshl.o
       138          0          0          0          0         80   lludiv10.o
        16          4          0          0          0         76   rt_ctype_table.o
         8          4          0          0          0         68   rt_errno_addr_intlibspace.o
         8          4          0          0          0         68   rt_locale_intlibspace.o
         2          0          0          0          0          0   rtexit.o
        10          0          0          0          0          0   rtexit2.o
        44          8          0          0          0         84   scanf_char.o
      1272         16          0          0          0        168   scanf_fp.o
       800         14          0          0          0        100   scanf_hexfp.o
       308         16          0          0          0        100   scanf_infnan.o
        44          6          0          0          0         84   sprintf.o
        60          8          0          0          0         84   sscanf.o
       128          0          0          0          0         68   strcmpv7m.o
        12          4          0          0          0         68   sys_exit.o
        74          0          0          0          0         80   sys_stackheap_outer.o
         2          0          0          0          0         68   use_no_semi.o
        98          4          0          0          0         92   d2f.o
        16          4          0          0          0         68   dcheck1.o
        24          0          0          0          0         68   dcmpi.o
       120          4          0          0          0         92   deqf.o
       120          4          0          0          0         92   dleqf.o
       156          4          0          0          0         92   dnaninf.o
       108          0          0          0          0         80   drleqf.o
         0          0         16          0          0          0   fpconst.o
        10          0          0          0          0         68   fretinf.o
         6          0          0          0          0         68   istatus.o
         4          0          0          0          0         68   printf1.o
         4          0          0          0          0         68   printf2.o
       100          0          0          0          0         68   retnan.o
        92          0          0          0          0         68   scalbn.o
         4          0          0          0          0         68   scanf1.o
         8          0          0          0          0         84   scanf2.o
        48          0          0          0          0         68   trapv.o
         0          0          0          0          0          0   usenofp.o
        30          6          0          0          0        136   dunder.o
        40          0          0          0          0         68   fpclassify.o
        88          8          0          0          0         76   frexp.o
       138          0          0          0          0        160   ldexp.o
       204          4          0          0          0        168   narrow.o

    ----------------------------------------------------------------------
     13634        384        568          0         96       7788   Library Totals
        26          0          1          0          0          0   (incl. Padding)

    ----------------------------------------------------------------------

      Code (inc. data)   RO Data    RW Data    ZI Data      Debug   Library Name

     12190        346        551          0         96       5968   c_w.l
       918         20         16          0          0       1212   fz_ws.l
       500         18          0          0          0        608   m_ws.l

    ----------------------------------------------------------------------
     13634        384        568          0         96       7788   Library Totals

    ----------------------------------------------------------------------

==============================================================================


      Code (inc. data)   RO Data    RW Data    ZI Data      Debug   

     16952        410        892          0       1672      39051   Grand Totals
     16952        410        892          0       1672      39051   ELF Image Totals
     16952        410        892          0          0          0   ROM Totals

==============================================================================

    Total RO  Size (Code + RO Data)                17844 (  17.43kB)
    Total RW  Size (RW Data + ZI Data)              1672 (   1.63kB)
    Total ROM Size (Code + RO Data + RW Data)      17844 (  17.43kB)

==============================================================================

